Archive member included to satisfy reference by file (symbol)

C:\Users\esare\DOCUME~1\MYEMBE~1\ECGPRE~1\PREPAI~1\PREPAI~1\ARDUIN~1\Debug\libArduinoCore.a(abi.o)
                              Lib/GSM/GSM3MobileNetworkProvider.o (__cxa_pure_virtual)
C:\Users\esare\DOCUME~1\MYEMBE~1\ECGPRE~1\PREPAI~1\PREPAI~1\ARDUIN~1\Debug\libArduinoCore.a(HardwareSerial.o)
                              Sketch.o (_ZN14HardwareSerial5writeEh)
C:\Users\esare\DOCUME~1\MYEMBE~1\ECGPRE~1\PREPAI~1\PREPAI~1\ARDUIN~1\Debug\libArduinoCore.a(HardwareSerial0.o)
                              Lib/GSM/GSM3CircularBuffer.o (Serial)
C:\Users\esare\DOCUME~1\MYEMBE~1\ECGPRE~1\PREPAI~1\PREPAI~1\ARDUIN~1\Debug\libArduinoCore.a(IPAddress.o)
                              Lib/GSM/GSM3ShieldV1ClientProvider.o (_ZNK9IPAddress7printToER5Print)
C:\Users\esare\DOCUME~1\MYEMBE~1\ECGPRE~1\PREPAI~1\PREPAI~1\ARDUIN~1\Debug\libArduinoCore.a(main.o)
                              C:/Program Files (x86)/Atmel/Studio/7.0/Packs/atmel/ATmega_DFP/1.1.130/gcc/dev/atmega328p/avr5/crtatmega328p.o (main)
C:\Users\esare\DOCUME~1\MYEMBE~1\ECGPRE~1\PREPAI~1\PREPAI~1\ARDUIN~1\Debug\libArduinoCore.a(Print.o)
                              Lib/GSM/GSM3ShieldV1DirectModemProvider.o (_ZN5Print5writeEPKhj)
C:\Users\esare\DOCUME~1\MYEMBE~1\ECGPRE~1\PREPAI~1\PREPAI~1\ARDUIN~1\Debug\libArduinoCore.a(Stream.o)
                              Sketch.o (_ZN6Stream4findEPc)
C:\Users\esare\DOCUME~1\MYEMBE~1\ECGPRE~1\PREPAI~1\PREPAI~1\ARDUIN~1\Debug\libArduinoCore.a(wiring.o)
                              Lib/GSM/GSM3MobileClientService.o (millis)
C:\Users\esare\DOCUME~1\MYEMBE~1\ECGPRE~1\PREPAI~1\PREPAI~1\ARDUIN~1\Debug\libArduinoCore.a(wiring_digital.o)
                              Lib/GSM/GSM3ShieldV1AccessProvider.o (pinMode)
C:\Users\esare\DOCUME~1\MYEMBE~1\ECGPRE~1\PREPAI~1\PREPAI~1\ARDUIN~1\Debug\libArduinoCore.a(WString.o)
                              Lib/GSM/GSM3ShieldV1PinManagement.o (_ZN6StringD2Ev)
C:\Users\esare\DOCUME~1\MYEMBE~1\ECGPRE~1\PREPAI~1\PREPAI~1\ARDUIN~1\Debug\libArduinoCore.a(hooks.o)
                              C:\Users\esare\DOCUME~1\MYEMBE~1\ECGPRE~1\PREPAI~1\PREPAI~1\ARDUIN~1\Debug\libArduinoCore.a(wiring.o) (yield)
c:/program files (x86)/atmel/studio/7.0/toolchain/avr8/avr8-gnu-toolchain/bin/../lib/gcc/avr/4.9.2/../../../../avr/lib/avr5\libm.a(addsf3.o)
                              C:\Users\esare\DOCUME~1\MYEMBE~1\ECGPRE~1\PREPAI~1\PREPAI~1\ARDUIN~1\Debug\libArduinoCore.a(Print.o) (__subsf3)
c:/program files (x86)/atmel/studio/7.0/toolchain/avr8/avr8-gnu-toolchain/bin/../lib/gcc/avr/4.9.2/../../../../avr/lib/avr5\libm.a(addsf3x.o)
                              c:/program files (x86)/atmel/studio/7.0/toolchain/avr8/avr8-gnu-toolchain/bin/../lib/gcc/avr/4.9.2/../../../../avr/lib/avr5\libm.a(addsf3.o) (__addsf3x)
c:/program files (x86)/atmel/studio/7.0/toolchain/avr8/avr8-gnu-toolchain/bin/../lib/gcc/avr/4.9.2/../../../../avr/lib/avr5\libm.a(cmpsf2.o)
                              C:\Users\esare\DOCUME~1\MYEMBE~1\ECGPRE~1\PREPAI~1\PREPAI~1\ARDUIN~1\Debug\libArduinoCore.a(Print.o) (__ltsf2)
c:/program files (x86)/atmel/studio/7.0/toolchain/avr8/avr8-gnu-toolchain/bin/../lib/gcc/avr/4.9.2/../../../../avr/lib/avr5\libm.a(divsf3.o)
                              C:\Users\esare\DOCUME~1\MYEMBE~1\ECGPRE~1\PREPAI~1\PREPAI~1\ARDUIN~1\Debug\libArduinoCore.a(Print.o) (__divsf3)
c:/program files (x86)/atmel/studio/7.0/toolchain/avr8/avr8-gnu-toolchain/bin/../lib/gcc/avr/4.9.2/../../../../avr/lib/avr5\libm.a(divsf3x.o)
                              c:/program files (x86)/atmel/studio/7.0/toolchain/avr8/avr8-gnu-toolchain/bin/../lib/gcc/avr/4.9.2/../../../../avr/lib/avr5\libm.a(divsf3.o) (__divsf3x)
c:/program files (x86)/atmel/studio/7.0/toolchain/avr8/avr8-gnu-toolchain/bin/../lib/gcc/avr/4.9.2/../../../../avr/lib/avr5\libm.a(fixunssfsi.o)
                              C:\Users\esare\DOCUME~1\MYEMBE~1\ECGPRE~1\PREPAI~1\PREPAI~1\ARDUIN~1\Debug\libArduinoCore.a(Print.o) (__fixunssfsi)
c:/program files (x86)/atmel/studio/7.0/toolchain/avr8/avr8-gnu-toolchain/bin/../lib/gcc/avr/4.9.2/../../../../avr/lib/avr5\libm.a(floatsisf.o)
                              C:\Users\esare\DOCUME~1\MYEMBE~1\ECGPRE~1\PREPAI~1\PREPAI~1\ARDUIN~1\Debug\libArduinoCore.a(Print.o) (__floatunsisf)
c:/program files (x86)/atmel/studio/7.0/toolchain/avr8/avr8-gnu-toolchain/bin/../lib/gcc/avr/4.9.2/../../../../avr/lib/avr5\libm.a(fp_cmp.o)
                              c:/program files (x86)/atmel/studio/7.0/toolchain/avr8/avr8-gnu-toolchain/bin/../lib/gcc/avr/4.9.2/../../../../avr/lib/avr5\libm.a(cmpsf2.o) (__fp_cmp)
c:/program files (x86)/atmel/studio/7.0/toolchain/avr8/avr8-gnu-toolchain/bin/../lib/gcc/avr/4.9.2/../../../../avr/lib/avr5\libm.a(fp_inf.o)
                              c:/program files (x86)/atmel/studio/7.0/toolchain/avr8/avr8-gnu-toolchain/bin/../lib/gcc/avr/4.9.2/../../../../avr/lib/avr5\libm.a(addsf3x.o) (__fp_inf)
[...]
Memory Configuration

Name             Origin             Length             Attributes
text             0x00000000         0x00020000         xr
data             0x00800060         0x0000ffa0         rw !x
eeprom           0x00810000         0x00010000         rw !x
fuse             0x00820000         0x00000003         rw !x
lock             0x00830000         0x00000400         rw !x
signature        0x00840000         0x00000400         rw !x
user_signatures  0x00850000         0x00000400         rw !x
*default*        0x00000000         0xffffffff

Linker script and memory map

Address of section .data set to 0x800100
LOAD C:/Program Files (x86)/Atmel/Studio/7.0/Packs/atmel/ATmega_DFP/1.1.130/gcc/dev/atmega328p/avr5/crtatmega328p.o
LOAD Lib/GSM/GSM3CircularBuffer.o
LOAD Lib/GSM/GSM3MobileAccessProvider.o
LOAD Lib/GSM/GSM3MobileCellManagement.o
LOAD Lib/GSM/GSM3MobileClientProvider.o
LOAD Lib/GSM/GSM3MobileClientService.o
LOAD Lib/GSM/GSM3MobileDataNetworkProvider.o
LOAD Lib/GSM/GSM3MobileMockupProvider.o
LOAD Lib/GSM/GSM3MobileNetworkProvider.o
LOAD Lib/GSM/GSM3MobileNetworkRegistry.o
LOAD Lib/GSM/GSM3MobileServerProvider.o
LOAD Lib/GSM/GSM3MobileServerService.o
LOAD Lib/GSM/GSM3MobileSMSProvider.o
LOAD Lib/GSM/GSM3MobileVoiceProvider.o
LOAD Lib/GSM/GSM3ShieldV1.o
LOAD Lib/GSM/GSM3ShieldV1AccessProvider.o
LOAD Lib/GSM/GSM3ShieldV1BandManagement.o
LOAD Lib/GSM/GSM3ShieldV1BaseProvider.o
LOAD Lib/GSM/GSM3ShieldV1CellManagement.o
LOAD Lib/GSM/GSM3ShieldV1ClientProvider.o
LOAD Lib/GSM/GSM3ShieldV1DataNetworkProvider.o
LOAD Lib/GSM/GSM3ShieldV1DirectModemProvider.o
LOAD Lib/GSM/GSM3ShieldV1ModemCore.o
LOAD Lib/GSM/GSM3ShieldV1ModemVerification.o
LOAD Lib/GSM/GSM3ShieldV1MultiClientProvider.o
LOAD Lib/GSM/GSM3ShieldV1MultiServerProvider.o
LOAD Lib/GSM/GSM3ShieldV1PinManagement.o
LOAD Lib/GSM/GSM3ShieldV1ScanNetworks.o
LOAD Lib/GSM/GSM3ShieldV1ServerProvider.o
LOAD Lib/GSM/GSM3ShieldV1SMSProvider.o
LOAD Lib/GSM/GSM3ShieldV1VoiceProvider.o
LOAD Lib/GSM/GSM3SMSService.o
LOAD Lib/GSM/GSM3SoftSerial.o
LOAD Lib/GSM/GSM3VoiceCallService.o
LOAD Sketch.o
START GROUP
LOAD c:/program files (x86)/atmel/studio/7.0/toolchain/avr8/avr8-gnu-toolchain/bin/../lib/gcc/avr/4.9.2/../../../../avr/lib/avr5\libm.a
LOAD C:\Users\esare\DOCUME~1\MYEMBE~1\ECGPRE~1\PREPAI~1\PREPAI~1\ARDUIN~1\Debug\libArduinoCore.a
END GROUP
LOAD c:/program files (x86)/atmel/studio/7.0/toolchain/avr8/avr8-gnu-toolchain/bin/../lib/gcc/avr/4.9.2/avr5\libgcc.a
LOAD c:/program files (x86)/atmel/studio/7.0/toolchain/avr8/avr8-gnu-toolchain/bin/../lib/gcc/avr/4.9.2/../../../../avr/lib/avr5\libm.a
START GROUP
LOAD c:/program files (x86)/atmel/studio/7.0/toolchain/avr8/avr8-gnu-toolchain/bin/../lib/gcc/avr/4.9.2/avr5\libgcc.a
LOAD c:/program files (x86)/atmel/studio/7.0/toolchain/avr8/avr8-gnu-toolchain/bin/../lib/gcc/avr/4.9.2/../../../../avr/lib/avr5\libm.a
LOAD c:/program files (x86)/atmel/studio/7.0/toolchain/avr8/avr8-gnu-toolchain/bin/../lib/gcc/avr/4.9.2/../../../../avr/lib/avr5\libc.a
LOAD C:/Program Files (x86)/Atmel/Studio/7.0/Packs/atmel/ATmega_DFP/1.1.130/gcc/dev/atmega328p/avr5\libatmega328p.a
END GROUP
                0x00020000                __TEXT_REGION_LENGTH__ = DEFINED (__TEXT_REGION_LENGTH__)?__TEXT_REGION_LENGTH__:0x20000
                0x0000ffa0                __DATA_REGION_LENGTH__ = DEFINED (__DATA_REGION_LENGTH__)?__DATA_REGION_LENGTH__:0xffa0
                0x00010000                __EEPROM_REGION_LENGTH__ = DEFINED (__EEPROM_REGION_LENGTH__)?__EEPROM_REGION_LENGTH__:0x10000
                [0x00000003]                __FUSE_REGION_LENGTH__ = DEFINED (__FUSE_REGION_LENGTH__)?__FUSE_REGION_LENGTH__:0x400
                0x00000400                __LOCK_REGION_LENGTH__ = DEFINED (__LOCK_REGION_LENGTH__)?__LOCK_REGION_LENGTH__:0x400
                0x00000400                __SIGNATURE_REGION_LENGTH__ = DEFINED (__SIGNATURE_REGION_LENGTH__)?__SIGNATURE_REGION_LENGTH__:0x400
                0x00000400                __USER_SIGNATURE_REGION_LENGTH__ = DEFINED (__USER_SIGNATURE_REGION_LENGTH__)?__USER_SIGNATURE_REGION_LENGTH__:0x400

.hash
 *(.hash)

.dynsym
 *(.dynsym)

.dynstr
 *(.dynstr)

.gnu.version
 *(.gnu.version)

.gnu.version_d
 *(.gnu.version_d)

.gnu.version_r
 *(.gnu.version_r)

.rel.init
 *(.rel.init)

.rela.init
 *(.rela.init)

.rel.text
 *(.rel.text)
 *(.rel.text.*)
 *(.rel.gnu.linkonce.t*)

.rela.text
 *(.rela.text)
 *(.rela.text.*)
 *(.rela.gnu.linkonce.t*)

.rel.fini
 *(.rel.fini)

.rela.fini
 *(.rela.fini)

.rel.rodata
 *(.rel.rodata)
 *(.rel.rodata.*)
 *(.rel.gnu.linkonce.r*)

.rela.rodata
 *(.rela.rodata)
 *(.rela.rodata.*)
 *(.rela.gnu.linkonce.r*)

.rel.data
 *(.rel.data)
 *(.rel.data.*)
 *(.rel.gnu.linkonce.d*)

.rela.data
 *(.rela.data)
 *(.rela.data.*)
 *(.rela.gnu.linkonce.d*)

.rel.ctors
 *(.rel.ctors)

.rela.ctors
 *(.rela.ctors)

.rel.dtors
 *(.rel.dtors)

.rela.dtors
 *(.rela.dtors)

.rel.got
 *(.rel.got)

.rela.got
 *(.rela.got)

.rel.bss
 *(.rel.bss)

.rela.bss
 *(.rela.bss)

.rel.plt
 *(.rel.plt)

.rela.plt
 *(.rela.plt)

.text           0x00000000     0x4c62
 *(.vectors)
 .vectors       0x00000000       0x68 C:/Program Files (x86)/Atmel/Studio/7.0/Packs/atmel/ATmega_DFP/1.1.130/gcc/dev/atmega328p/avr5/crtatmega328p.o
                0x00000000                __vector_default
                0x00000000                __vectors
 *(.vectors)
 *(.progmem.gcc*)
                0x00000068                . = ALIGN (0x2)
                0x00000068                __trampolines_start = .
 *(.trampolines)
 .trampolines   0x00000068        0x0 linker stubs
 *(.trampolines*)
                0x00000068                __trampolines_end = .
 *libprintf_flt.a:*(.progmem.data)
 *libc.a:*(.progmem.data)
 *(.progmem*)
 .progmem.data._ZZN26GSM3ShieldV1AccessProvider8shutdownEvE3__c
                0x00000068        0xb Lib/GSM/GSM3ShieldV1AccessProvider.o
 .progmem.data._ZZN26GSM3ShieldV1AccessProvider26ModemConfigurationContinueEvE3__c_6
                0x00000073        0xa Lib/GSM/GSM3ShieldV1AccessProvider.o
 .progmem.data._ZZN26GSM3ShieldV1AccessProvider26ModemConfigurationContinueEvE3__c_5
                0x0000007d        0x4 Lib/GSM/GSM3ShieldV1AccessProvider.o
 .progmem.data._ZZN26GSM3ShieldV1AccessProvider26ModemConfigurationContinueEvE3__c_4
                0x00000081        0xa Lib/GSM/GSM3ShieldV1AccessProvider.o
 .progmem.data._ZZN26GSM3ShieldV1AccessProvider26ModemConfigurationContinueEvE3__c_3
                0x0000008b        0xa Lib/GSM/GSM3ShieldV1AccessProvider.o
 .progmem.data._ZZN26GSM3ShieldV1AccessProvider26ModemConfigurationContinueEvE3__c_2
                0x00000095        0xb Lib/GSM/GSM3ShieldV1AccessProvider.o
 .progmem.data._ZZN26GSM3ShieldV1AccessProvider26ModemConfigurationContinueEvE3__c_1
                0x000000a0        0xc Lib/GSM/GSM3ShieldV1AccessProvider.o
 .progmem.data._ZZN26GSM3ShieldV1AccessProvider26ModemConfigurationContinueEvE3__c_0
                0x000000ac        0xc Lib/GSM/GSM3ShieldV1AccessProvider.o
 .progmem.data._ZZN26GSM3ShieldV1AccessProvider26ModemConfigurationContinueEvE3__c
                0x000000b8        0x9 Lib/GSM/GSM3ShieldV1AccessProvider.o
 .progmem.data._ZL14_command_CGREG
                0x000000c1        0xa Lib/GSM/GSM3ShieldV1AccessProvider.o
 .progmem.data._ZL11_command_AT
                0x000000cb        0x3 Lib/GSM/GSM3ShieldV1AccessProvider.o
 .progmem.data._ZZN26GSM3ShieldV1ClientProvider25recognizeUnsolicitedEventEhE3__c
                0x000000ce        0x7 Lib/GSM/GSM3ShieldV1ClientProvider.o
 .progmem.data._ZZN26GSM3ShieldV1ClientProvider13disconnectTCPEbiE3__c
                0x000000d5        0xb Lib/GSM/GSM3ShieldV1ClientProvider.o
 .progmem.data._ZZN26GSM3ShieldV1ClientProvider24connectTCPClientContinueEvE3__c_2
                0x000000e0        0xd Lib/GSM/GSM3ShieldV1ClientProvider.o
 .progmem.data._ZZN26GSM3ShieldV1ClientProvider24connectTCPClientContinueEvE3__c_1
                0x000000ed        0xb Lib/GSM/GSM3ShieldV1ClientProvider.o
 .progmem.data._ZZN26GSM3ShieldV1ClientProvider24connectTCPClientContinueEvE3__c_0
                0x000000f8        0xc Lib/GSM/GSM3ShieldV1ClientProvider.o
 .progmem.data._ZZN26GSM3ShieldV1ClientProvider24connectTCPClientContinueEvE3__c
                0x00000104        0xd Lib/GSM/GSM3ShieldV1ClientProvider.o
 .progmem.data._ZZN31GSM3ShieldV1DataNetworkProvider13getIPContinueEvE3__c
                0x00000111        0xb Lib/GSM/GSM3ShieldV1DataNetworkProvider.o
 .progmem.data._ZZN31GSM3ShieldV1DataNetworkProvider18detachGPRSContinueEvE3__c
                0x0000011c        0xb Lib/GSM/GSM3ShieldV1DataNetworkProvider.o
 .progmem.data._ZZN31GSM3ShieldV1DataNetworkProvider18attachGPRSContinueEvE3__c_10
                0x00000127        0x2 Lib/GSM/GSM3ShieldV1DataNetworkProvider.o
 .progmem.data._ZZN31GSM3ShieldV1DataNetworkProvider18attachGPRSContinueEvE3__c_9
                0x00000129        0x9 Lib/GSM/GSM3ShieldV1DataNetworkProvider.o
 .progmem.data._ZZN31GSM3ShieldV1DataNetworkProvider18attachGPRSContinueEvE3__c_8
                0x00000132        0x9 Lib/GSM/GSM3ShieldV1DataNetworkProvider.o
 .progmem.data._ZZN31GSM3ShieldV1DataNetworkProvider18attachGPRSContinueEvE3__c_7
                0x0000013b        0xd Lib/GSM/GSM3ShieldV1DataNetworkProvider.o
 .progmem.data._ZZN31GSM3ShieldV1DataNetworkProvider18attachGPRSContinueEvE3__c_6
                0x00000148        0x8 Lib/GSM/GSM3ShieldV1DataNetworkProvider.o
 .progmem.data._ZZN31GSM3ShieldV1DataNetworkProvider18attachGPRSContinueEvE3__c_5
                0x00000150        0xd Lib/GSM/GSM3ShieldV1DataNetworkProvider.o
 .progmem.data._ZZN31GSM3ShieldV1DataNetworkProvider18attachGPRSContinueEvE3__c_4
                0x0000015d        0xb Lib/GSM/GSM3ShieldV1DataNetworkProvider.o
 .progmem.data._ZZN31GSM3ShieldV1DataNetworkProvider18attachGPRSContinueEvE3__c_3
                0x00000168        0xd Lib/GSM/GSM3ShieldV1DataNetworkProvider.o
 .progmem.data._ZZN31GSM3ShieldV1DataNetworkProvider18attachGPRSContinueEvE3__c_2
                0x00000175       0x14 Lib/GSM/GSM3ShieldV1DataNetworkProvider.o
 .progmem.data._ZZN31GSM3ShieldV1DataNetworkProvider18attachGPRSContinueEvE3__c_1
                0x00000189        0xd Lib/GSM/GSM3ShieldV1DataNetworkProvider.o
 .progmem.data._ZZN31GSM3ShieldV1DataNetworkProvider18attachGPRSContinueEvE3__c_0
                0x00000196        0xc Lib/GSM/GSM3ShieldV1DataNetworkProvider.o
 .progmem.data._ZZN31GSM3ShieldV1DataNetworkProvider18attachGPRSContinueEvE3__c
                0x000001a2        0xb Lib/GSM/GSM3ShieldV1DataNetworkProvider.o
 .progmem.data._ZL14_command_CGATT
                0x000001ad        0xa Lib/GSM/GSM3ShieldV1DataNetworkProvider.o
 .progmem.data._ZZN26GSM3ShieldV1ServerProvider25recognizeUnsolicitedEventEhE3__c_0
                0x000001b7        0xa Lib/GSM/GSM3ShieldV1ServerProvider.o
 .progmem.data._ZZN26GSM3ShieldV1ServerProvider25recognizeUnsolicitedEventEhE3__c
                0x000001c1        0x9 Lib/GSM/GSM3ShieldV1ServerProvider.o
 .progmem.data._ZZN26GSM3ShieldV1ServerProvider24connectTCPServerContinueEvE3__c_1
                0x000001ca        0xc Lib/GSM/GSM3ShieldV1ServerProvider.o
 .progmem.data._ZZN26GSM3ShieldV1ServerProvider24connectTCPServerContinueEvE3__c_0
                0x000001d6       0x12 Lib/GSM/GSM3ShieldV1ServerProvider.o
 .progmem.data._ZZN26GSM3ShieldV1ServerProvider24connectTCPServerContinueEvE3__c
                0x000001e8        0xb Lib/GSM/GSM3ShieldV1ServerProvider.o
 .progmem.data._ZZN23GSM3ShieldV1SMSProvider16flushSMSContinueEvE3__c
                0x000001f3        0x9 Lib/GSM/GSM3ShieldV1SMSProvider.o
 .progmem.data._ZZN23GSM3ShieldV1SMSProvider20availableSMSContinueEvE3__c
                0x000001fc       0x17 Lib/GSM/GSM3ShieldV1SMSProvider.o
 .progmem.data._ZZN23GSM3ShieldV1SMSProvider16beginSMSContinueEvE3__c
                0x00000213        0xa Lib/GSM/GSM3ShieldV1SMSProvider.o
 .progmem.data._ZZN25GSM3ShieldV1VoiceProvider25recognizeUnsolicitedEventEhE3__c_3
                0x0000021d        0x7 Lib/GSM/GSM3ShieldV1VoiceProvider.o
 .progmem.data._ZZN25GSM3ShieldV1VoiceProvider25recognizeUnsolicitedEventEhE3__c_2
                0x00000224        0x5 Lib/GSM/GSM3ShieldV1VoiceProvider.o
 .progmem.data._ZZN25GSM3ShieldV1VoiceProvider25recognizeUnsolicitedEventEhE3__c_1
                0x00000229        0xb Lib/GSM/GSM3ShieldV1VoiceProvider.o
 .progmem.data._ZZN25GSM3ShieldV1VoiceProvider25recognizeUnsolicitedEventEhE3__c_0
                0x00000234        0x7 Lib/GSM/GSM3ShieldV1VoiceProvider.o
 .progmem.data._ZZN25GSM3ShieldV1VoiceProvider25recognizeUnsolicitedEventEhE3__c
                0x0000023b        0x5 Lib/GSM/GSM3ShieldV1VoiceProvider.o
 .progmem.data._ZZN25GSM3ShieldV1VoiceProvider16hangCallContinueEvE3__c
                0x00000240        0x4 Lib/GSM/GSM3ShieldV1VoiceProvider.o
 .progmem.data._ZZN25GSM3ShieldV1VoiceProvider18answerCallContinueEvE3__c
                0x00000244        0x4 Lib/GSM/GSM3ShieldV1VoiceProvider.o
 .progmem.data._ZZN25GSM3ShieldV1VoiceProvider29retrieveCallingNumberContinueEvE3__c
                0x00000248        0x8 Lib/GSM/GSM3ShieldV1VoiceProvider.o
 .progmem.data._ZZN25GSM3ShieldV1VoiceProvider9voiceCallEPKcE3__c
                0x00000250        0x4 Lib/GSM/GSM3ShieldV1VoiceProvider.o
 .progmem.data._ZL5table
                0x00000254       0x90 Lib/GSM/GSM3SoftSerial.o
 .progmem.data.digital_pin_to_timer_PGM
                0x000002e4       0x14 C:\Users\esare\DOCUME~1\MYEMBE~1\ECGPRE~1\PREPAI~1\PREPAI~1\ARDUIN~1\Debug\libArduinoCore.a(wiring_digital.o)
                0x000002e4                digital_pin_to_timer_PGM
 .progmem.data.digital_pin_to_bit_mask_PGM
                0x000002f8       0x14 C:\Users\esare\DOCUME~1\MYEMBE~1\ECGPRE~1\PREPAI~1\PREPAI~1\ARDUIN~1\Debug\libArduinoCore.a(wiring_digital.o)
                0x000002f8                digital_pin_to_bit_mask_PGM
 .progmem.data.digital_pin_to_port_PGM
                0x0000030c       0x14 C:\Users\esare\DOCUME~1\MYEMBE~1\ECGPRE~1\PREPAI~1\PREPAI~1\ARDUIN~1\Debug\libArduinoCore.a(wiring_digital.o)
                0x0000030c                digital_pin_to_port_PGM
 .progmem.data.port_to_input_PGM
                0x00000320        0xa C:\Users\esare\DOCUME~1\MYEMBE~1\ECGPRE~1\PREPAI~1\PREPAI~1\ARDUIN~1\Debug\libArduinoCore.a(wiring_digital.o)
                0x00000320                port_to_input_PGM
 .progmem.data.port_to_output_PGM
                0x0000032a        0xa C:\Users\esare\DOCUME~1\MYEMBE~1\ECGPRE~1\PREPAI~1\PREPAI~1\ARDUIN~1\Debug\libArduinoCore.a(wiring_digital.o)
                0x0000032a                port_to_output_PGM
 .progmem.data.port_to_mode_PGM
                0x00000334        0xa C:\Users\esare\DOCUME~1\MYEMBE~1\ECGPRE~1\PREPAI~1\PREPAI~1\ARDUIN~1\Debug\libArduinoCore.a(wiring_digital.o)
                0x00000334                port_to_mode_PGM
                0x0000033e                . = ALIGN (0x2)
 *(.jumptables)
 *(.jumptables*)
 *(.lowtext)
 *(.lowtext*)
                0x0000033e                __ctors_start = .
 *(.ctors)
 .ctors         0x0000033e        0x2 Lib/GSM/GSM3MobileClientProvider.o
 .ctors         0x00000340        0x2 Lib/GSM/GSM3MobileClientService.o
 .ctors         0x00000342        0x2 Lib/GSM/GSM3MobileMockupProvider.o
 .ctors         0x00000344        0x2 Lib/GSM/GSM3MobileNetworkProvider.o
 .ctors         0x00000346        0x2 Lib/GSM/GSM3MobileNetworkRegistry.o
 .ctors         0x00000348        0x2 Lib/GSM/GSM3MobileServerService.o
 .ctors         0x0000034a        0x2 Lib/GSM/GSM3ShieldV1.o
 .ctors         0x0000034c        0x2 Lib/GSM/GSM3ShieldV1BandManagement.o
 .ctors         0x0000034e        0x2 Lib/GSM/GSM3ShieldV1ClientProvider.o
 .ctors         0x00000350        0x2 Lib/GSM/GSM3ShieldV1DataNetworkProvider.o
 .ctors         0x00000352        0x2 Lib/GSM/GSM3ShieldV1DirectModemProvider.o
 .ctors         0x00000354        0x2 Lib/GSM/GSM3ShieldV1ModemCore.o
 .ctors         0x00000356        0x2 Lib/GSM/GSM3ShieldV1ModemVerification.o
 .ctors         0x00000358        0x2 Lib/GSM/GSM3ShieldV1MultiClientProvider.o
 .ctors         0x0000035a        0x2 Lib/GSM/GSM3ShieldV1PinManagement.o
 .ctors         0x0000035c        0x2 Lib/GSM/GSM3ShieldV1ScanNetworks.o
 .ctors         0x0000035e        0x2 Lib/GSM/GSM3SMSService.o
 .ctors         0x00000360        0x2 Lib/GSM/GSM3VoiceCallService.o
 .ctors         0x00000362        0x2 Sketch.o
 .ctors         0x00000364        0x2 C:\Users\esare\DOCUME~1\MYEMBE~1\ECGPRE~1\PREPAI~1\PREPAI~1\ARDUIN~1\Debug\libArduinoCore.a(HardwareSerial0.o)
 .ctors         0x00000366        0x2 C:\Users\esare\DOCUME~1\MYEMBE~1\ECGPRE~1\PREPAI~1\PREPAI~1\ARDUIN~1\Debug\libArduinoCore.a(IPAddress.o)
                0x00000368                __ctors_end = .
                0x00000368                __dtors_start = .
 *(.dtors)
                0x00000368                __dtors_end = .
 SORT(*)(.ctors)
 SORT(*)(.dtors)
 *(.init0)
 .init0         0x00000368        0x0 C:/Program Files (x86)/Atmel/Studio/7.0/Packs/atmel/ATmega_DFP/1.1.130/gcc/dev/atmega328p/avr5/crtatmega328p.o
                0x00000368                __init
 *(.init0)
 *(.init1)
 *(.init1)
 *(.init2)
 .init2         0x00000368        0xc C:/Program Files (x86)/Atmel/Studio/7.0/Packs/atmel/ATmega_DFP/1.1.130/gcc/dev/atmega328p/avr5/crtatmega328p.o
 *(.init2)
 *(.init3)
 *(.init3)
 *(.init4)
 .init4         0x00000374       0x16 c:/program files (x86)/atmel/studio/7.0/toolchain/avr8/avr8-gnu-toolchain/bin/../lib/gcc/avr/4.9.2/avr5\libgcc.a(_copy_data.o)
                0x00000374                __do_copy_data
 .init4         0x0000038a       0x10 c:/program files (x86)/atmel/studio/7.0/toolchain/avr8/avr8-gnu-toolchain/bin/../lib/gcc/avr/4.9.2/avr5\libgcc.a(_clear_bss.o)
                0x0000038a                __do_clear_bss
 *(.init4)
 *(.init5)
 *(.init5)
 *(.init6)
 .init6         0x0000039a       0x16 c:/program files (x86)/atmel/studio/7.0/toolchain/avr8/avr8-gnu-toolchain/bin/../lib/gcc/avr/4.9.2/avr5\libgcc.a(_ctors.o)
                0x0000039a                __do_global_ctors
 *(.init6)
 *(.init7)
 *(.init7)
 *(.init8)
 *(.init8)
 *(.init9)
 .init9         0x000003b0        0x8 C:/Program Files (x86)/Atmel/Studio/7.0/Packs/atmel/ATmega_DFP/1.1.130/gcc/dev/atmega328p/avr5/crtatmega328p.o
 *(.init9)
 *(.text)
 .text          0x000003b8        0x4 C:/Program Files (x86)/Atmel/Studio/7.0/Packs/atmel/ATmega_DFP/1.1.130/gcc/dev/atmega328p/avr5/crtatmega328p.o
                0x000003b8                __vector_22
                0x000003b8                __vector_1
                0x000003b8                __vector_24
                0x000003b8                __vector_12
                0x000003b8                __bad_interrupt
                0x000003b8                __vector_6
                0x000003b8                __vector_23
                0x000003b8                __vector_25
                0x000003b8                __vector_11
                0x000003b8                __vector_13
                0x000003b8                __vector_17
                0x000003b8                __vector_7
                0x000003b8                __vector_9
                0x000003b8                __vector_2
                0x000003b8                __vector_21
                0x000003b8                __vector_15
                0x000003b8                __vector_8
                0x000003b8                __vector_14
                0x000003b8                __vector_10
                0x000003b8                __vector_20
                0x000003bc                . = ALIGN (0x2)
 *(.text.*)
 .text._ZN18GSM3CircularBufferC2EP25GSM3CircularBufferManager
                0x000003bc        0xc Lib/GSM/GSM3CircularBuffer.o
                0x000003bc                _ZN18GSM3CircularBufferC1EP25GSM3CircularBufferManager
                0x000003bc                _ZN18GSM3CircularBufferC2EP25GSM3CircularBufferManager
 .text._ZN18GSM3CircularBuffer5writeEc
                0x000003c8       0x32 Lib/GSM/GSM3CircularBuffer.o
                0x000003c8                _ZN18GSM3CircularBuffer5writeEc
 .text._ZN18GSM3CircularBuffer4readEv
                0x000003fa       0x24 Lib/GSM/GSM3CircularBuffer.o
                0x000003fa                _ZN18GSM3CircularBuffer4readEv
 .text._ZN18GSM3CircularBuffer4peekEi
                0x0000041e       0x2e Lib/GSM/GSM3CircularBuffer.o
                0x0000041e                _ZN18GSM3CircularBuffer4peekEi
 .text._ZN18GSM3CircularBuffer5flushEv
                0x0000044c        0x8 Lib/GSM/GSM3CircularBuffer.o
                0x0000044c                _ZN18GSM3CircularBuffer5flushEv
 .text._ZN18GSM3CircularBuffer6locateEPKchhPhS2_
                0x00000454       0xae Lib/GSM/GSM3CircularBuffer.o
                0x00000454                _ZN18GSM3CircularBuffer6locateEPKchhPhS2_
 .text._ZN18GSM3CircularBuffer6locateEPKc
                0x00000502       0x24 Lib/GSM/GSM3CircularBuffer.o
                0x00000502                _ZN18GSM3CircularBuffer6locateEPKc
 .text._ZN18GSM3CircularBuffer9chopUntilEPKcbb
                0x00000526       0x80 Lib/GSM/GSM3CircularBuffer.o
                0x00000526                _ZN18GSM3CircularBuffer9chopUntilEPKcbb
 .text._ZN18GSM3CircularBuffer16extractSubstringEPKcS1_Pci
                0x000005a6       0xb6 Lib/GSM/GSM3CircularBuffer.o
                0x000005a6                _ZN18GSM3CircularBuffer16extractSubstringEPKcS1_Pci
 .text._ZN18GSM3CircularBuffer7readIntEv
                0x0000065c       0x68 Lib/GSM/GSM3CircularBuffer.o
                0x0000065c                _ZN18GSM3CircularBuffer7readIntEv
 .text._ZN18GSM3CircularBuffer14printCharDebugEh
                0x000006c4       0x32 Lib/GSM/GSM3CircularBuffer.o
                0x000006c4                _ZN18GSM3CircularBuffer14printCharDebugEh
 .text._ZN18GSM3CircularBuffer11debugBufferEv
                0x000006f6       0x70 Lib/GSM/GSM3CircularBuffer.o
                0x000006f6                _ZN18GSM3CircularBuffer11debugBufferEv
 .text.startup._GLOBAL__sub_I_theGSM3MobileClientProvider
                0x00000766       0x16 Lib/GSM/GSM3MobileClientProvider.o
 .text._ZN23GSM3MobileClientService9connectedEv
                0x0000077c       0x24 Lib/GSM/GSM3MobileClientService.o
                0x0000077c                _ZN23GSM3MobileClientService9connectedEv
 .text._ZN23GSM3MobileClientServicecvbEv
                0x000007a0       0x1a Lib/GSM/GSM3MobileClientService.o
                0x000007a0                _ZN23GSM3MobileClientServicecvbEv
 .text._ZN23GSM3MobileClientService4readEPhj
                0x000007ba       0x52 Lib/GSM/GSM3MobileClientService.o
                0x000007ba                _ZN23GSM3MobileClientService4readEPhj
 .text._ZN23GSM3MobileClientServiceC2Eb
                0x0000080c       0x30 Lib/GSM/GSM3MobileClientService.o
                0x0000080c                _ZN23GSM3MobileClientServiceC1Eb
                0x0000080c                _ZN23GSM3MobileClientServiceC2Eb
 .text._ZN23GSM3MobileClientService5readyEv
                0x0000083c       0x16 Lib/GSM/GSM3MobileClientService.o
                0x0000083c                _ZN23GSM3MobileClientService5readyEv
 .text._ZN23GSM3MobileClientService13waitForAnswerEv
                0x00000852       0x6c Lib/GSM/GSM3MobileClientService.o
                0x00000852                _ZN23GSM3MobileClientService13waitForAnswerEv
 .text._ZN23GSM3MobileClientService7connectEPKcj
                0x000008be       0x7c Lib/GSM/GSM3MobileClientService.o
                0x000008be                _ZN23GSM3MobileClientService7connectEPKcj
 .text._ZN23GSM3MobileClientService7connectE9IPAddressj
                0x0000093a       0xb8 Lib/GSM/GSM3MobileClientService.o
                0x0000093a                _ZN23GSM3MobileClientService7connectE9IPAddressj
 .text._ZN23GSM3MobileClientService10beginWriteEb
                0x000009f2       0x4a Lib/GSM/GSM3MobileClientService.o
                0x000009f2                _ZN23GSM3MobileClientService10beginWriteEb
 .text._ZN23GSM3MobileClientService5writeEh
                0x00000a3c       0x34 Lib/GSM/GSM3MobileClientService.o
                0x00000a3c                _ZN23GSM3MobileClientService5writeEh
 .text._ZN23GSM3MobileClientService5writeEPKhj
                0x00000a70       0x72 Lib/GSM/GSM3MobileClientService.o
                0x00000a70                _ZN23GSM3MobileClientService5writeEPKhj
 .text._ZN23GSM3MobileClientService8endWriteEb
                0x00000ae2       0x5a Lib/GSM/GSM3MobileClientService.o
                0x00000ae2                _ZN23GSM3MobileClientService8endWriteEb
 .text._ZN23GSM3MobileClientService9availableEv
                0x00000b3c       0x48 Lib/GSM/GSM3MobileClientService.o
                0x00000b3c                _ZN23GSM3MobileClientService9availableEv
 .text._ZN23GSM3MobileClientService4readEv
                0x00000b84       0x26 Lib/GSM/GSM3MobileClientService.o
                0x00000b84                _ZN23GSM3MobileClientService4readEv
 .text._ZN23GSM3MobileClientService4peekEv
                0x00000baa       0x26 Lib/GSM/GSM3MobileClientService.o
                0x00000baa                _ZN23GSM3MobileClientService4peekEv
 .text._ZN23GSM3MobileClientService5flushEv
                0x00000bd0       0x40 Lib/GSM/GSM3MobileClientService.o
                0x00000bd0                _ZN23GSM3MobileClientService5flushEv
 .text._ZN23GSM3MobileClientService4stopEv
                0x00000c10       0x64 Lib/GSM/GSM3MobileClientService.o
                0x00000c10                _ZN23GSM3MobileClientService4stopEv
 .text.startup._GLOBAL__sub_I_theShieldV1ClientProvider
                0x00000c74       0x1c Lib/GSM/GSM3MobileClientService.o
 .text.startup._GLOBAL__sub_I__ZN24GSM3MobileMockupProviderC2Ev
                0x00000c90       0x16 Lib/GSM/GSM3MobileMockupProvider.o
 .text.startup._GLOBAL__sub_I_theProvider
                0x00000ca6       0x16 Lib/GSM/GSM3MobileNetworkProvider.o
 .text.startup._GLOBAL__sub_I__ZN25GSM3MobileNetworkRegistryC2Ev
                0x00000cbc       0x1e Lib/GSM/GSM3MobileNetworkRegistry.o
 .text.startup._GLOBAL__sub_I_theShieldV1ServerProvider
                0x00000cda       0x1c Lib/GSM/GSM3MobileServerService.o
 .text.startup._GLOBAL__sub_I__ZN12GSM3ShieldV1C2Eb
                0x00000cf6       0x16 Lib/GSM/GSM3ShieldV1.o
 .text._ZN24GSM3ShieldV1BaseProvider25recognizeUnsolicitedEventEh
                0x00000d0c        0x4 Lib/GSM/GSM3ShieldV1AccessProvider.o
                0x00000d0c                _ZN24GSM3ShieldV1BaseProvider25recognizeUnsolicitedEventEh
 .text._ZN26GSM3ShieldV1AccessProvider5readyEv
                0x00000d10        0x6 Lib/GSM/GSM3ShieldV1AccessProvider.o
                0x00000d10                _ZN26GSM3ShieldV1AccessProvider5readyEv
 .text._ZN26GSM3ShieldV1AccessProvider14secureShutdownEv
                0x00000d16       0x36 Lib/GSM/GSM3ShieldV1AccessProvider.o
                0x00000d16                _ZN26GSM3ShieldV1AccessProvider14secureShutdownEv
 .text._ZN26GSM3ShieldV1AccessProvider8shutdownEv
                0x00000d4c       0xd4 Lib/GSM/GSM3ShieldV1AccessProvider.o
                0x00000d4c                _ZN26GSM3ShieldV1AccessProvider8shutdownEv
 .text._ZN26GSM3ShieldV1AccessProviderC2Eb
                0x00000e20       0x18 Lib/GSM/GSM3ShieldV1AccessProvider.o
                0x00000e20                _ZN26GSM3ShieldV1AccessProviderC1Eb
                0x00000e20                _ZN26GSM3ShieldV1AccessProviderC2Eb
 .text._ZN26GSM3ShieldV1AccessProvider9HWrestartEv
                0x00000e38       0x34 Lib/GSM/GSM3ShieldV1AccessProvider.o
                0x00000e38                _ZN26GSM3ShieldV1AccessProvider9HWrestartEv
 .text._ZN26GSM3ShieldV1AccessProvider7HWstartEv
                0x00000e6c       0x28 Lib/GSM/GSM3ShieldV1AccessProvider.o
                0x00000e6c                _ZN26GSM3ShieldV1AccessProvider7HWstartEv
 .text._ZN26GSM3ShieldV1AccessProvider26ModemConfigurationContinueEv
                0x00000e94      0x29c Lib/GSM/GSM3ShieldV1AccessProvider.o
                0x00000e94                _ZN26GSM3ShieldV1AccessProvider26ModemConfigurationContinueEv
 .text._ZN26GSM3ShieldV1AccessProvider18ModemConfigurationEPc
                0x00001130       0x38 Lib/GSM/GSM3ShieldV1AccessProvider.o
                0x00001130                _ZN26GSM3ShieldV1AccessProvider18ModemConfigurationEPc
 .text._ZN26GSM3ShieldV1AccessProvider5beginEPcbb
                0x00001168       0x8a Lib/GSM/GSM3ShieldV1AccessProvider.o
                0x00001168                _ZN26GSM3ShieldV1AccessProvider5beginEPcbb
 .text._ZN26GSM3ShieldV1AccessProvider20isModemAliveContinueEv
                0x000011f2       0x68 Lib/GSM/GSM3ShieldV1AccessProvider.o
                0x000011f2                _ZN26GSM3ShieldV1AccessProvider20isModemAliveContinueEv
 .text._ZN26GSM3ShieldV1AccessProvider14manageResponseEhh
                0x0000125a       0x16 Lib/GSM/GSM3ShieldV1AccessProvider.o
                0x0000125a                _ZN26GSM3ShieldV1AccessProvider14manageResponseEhh
 .text._ZThn2_N26GSM3ShieldV1AccessProvider14manageResponseEhh
                0x00001270        0x6 Lib/GSM/GSM3ShieldV1AccessProvider.o
                0x00001270                _ZThn2_N26GSM3ShieldV1AccessProvider14manageResponseEhh
 .text._ZN26GSM3ShieldV1AccessProvider13isAccessAliveEv
                0x00001276       0x36 Lib/GSM/GSM3ShieldV1AccessProvider.o
                0x00001276                _ZN26GSM3ShieldV1AccessProvider13isAccessAliveEv
 .text.startup._GLOBAL__sub_I__ZN26GSM3ShieldV1BandManagementC2Eb
                0x000012ac       0x16 Lib/GSM/GSM3ShieldV1BandManagement.o
 .text._ZN24GSM3ShieldV1BaseProvider5readyEv
                0x000012c2       0x10 Lib/GSM/GSM3ShieldV1BaseProvider.o
                0x000012c2                _ZN24GSM3ShieldV1BaseProvider5readyEv
 .text._ZN24GSM3ShieldV1BaseProvider16prepareAuxLocateEPKcPc
                0x000012d2       0x10 Lib/GSM/GSM3ShieldV1BaseProvider.o
                0x000012d2                _ZN24GSM3ShieldV1BaseProvider16prepareAuxLocateEPKcPc
 .text._ZN26GSM3ShieldV1ClientProvider9minSocketEv
                0x000012e2        0x6 Lib/GSM/GSM3ShieldV1ClientProvider.o
                0x000012e2                _ZN26GSM3ShieldV1ClientProvider9minSocketEv
 .text._ZN26GSM3ShieldV1ClientProvider9maxSocketEv
                0x000012e8        0x6 Lib/GSM/GSM3ShieldV1ClientProvider.o
                0x000012e8                _ZN26GSM3ShieldV1ClientProvider9maxSocketEv
 .text._ZN26GSM3ShieldV1ClientProvider16connectTCPClientE9IPAddressii
                0x000012ee       0x42 Lib/GSM/GSM3ShieldV1ClientProvider.o
                0x000012ee                _ZN26GSM3ShieldV1ClientProvider16connectTCPClientE9IPAddressii
 .text._ZN26GSM3ShieldV1ClientProvider16beginWriteSocketEbi
                0x00001330        0x2 Lib/GSM/GSM3ShieldV1ClientProvider.o
                0x00001330                _ZN26GSM3ShieldV1ClientProvider16beginWriteSocketEbi
 .text._ZN26GSM3ShieldV1ClientProvider14endWriteSocketEv
                0x00001332        0x2 Lib/GSM/GSM3ShieldV1ClientProvider.o
                0x00001332                _ZN26GSM3ShieldV1ClientProvider14endWriteSocketEv
 .text._ZN26GSM3ShieldV1ClientProvider9getSocketEi
                0x00001334        0x6 Lib/GSM/GSM3ShieldV1ClientProvider.o
                0x00001334                _ZN26GSM3ShieldV1ClientProvider9getSocketEi
 .text._ZN26GSM3ShieldV1ClientProvider13releaseSocketEi
                0x0000133a        0x2 Lib/GSM/GSM3ShieldV1ClientProvider.o
                0x0000133a                _ZN26GSM3ShieldV1ClientProvider13releaseSocketEi
 .text._ZN26GSM3ShieldV1ClientProvider21getStatusSocketClientEh
                0x0000133c        0xe Lib/GSM/GSM3ShieldV1ClientProvider.o
                0x0000133c                _ZN26GSM3ShieldV1ClientProvider21getStatusSocketClientEh
 .text._ZN26GSM3ShieldV1ClientProvider11writeSocketEPKc
                0x0000134a       0x12 Lib/GSM/GSM3ShieldV1ClientProvider.o
                0x0000134a                _ZN26GSM3ShieldV1ClientProvider11writeSocketEPKc
 .text._ZN26GSM3ShieldV1ClientProvider11writeSocketEh
                0x0000135c       0x12 Lib/GSM/GSM3ShieldV1ClientProvider.o
                0x0000135c                _ZN26GSM3ShieldV1ClientProvider11writeSocketEh
 .text._ZN26GSM3ShieldV1ClientProvider15availableSocketEbi
                0x0000136e       0x3c Lib/GSM/GSM3ShieldV1ClientProvider.o
                0x0000136e                _ZN26GSM3ShieldV1ClientProvider15availableSocketEbi
 .text._ZN26GSM3ShieldV1ClientProvider25recognizeUnsolicitedEventEh
                0x000013aa       0x78 Lib/GSM/GSM3ShieldV1ClientProvider.o
                0x000013aa                _ZN26GSM3ShieldV1ClientProvider25recognizeUnsolicitedEventEh
 .text._ZThn3_N26GSM3ShieldV1ClientProvider25recognizeUnsolicitedEventEh
                0x00001422        0x6 Lib/GSM/GSM3ShieldV1ClientProvider.o
                0x00001422                _ZThn3_N26GSM3ShieldV1ClientProvider25recognizeUnsolicitedEventEh
 .text._ZN26GSM3ShieldV1ClientProvider10peekSocketEv
                0x00001428       0x10 Lib/GSM/GSM3ShieldV1ClientProvider.o
                0x00001428                _ZN26GSM3ShieldV1ClientProvider10peekSocketEv
 .text._ZN26GSM3ShieldV1ClientProvider5readyEv
                0x00001438        0x6 Lib/GSM/GSM3ShieldV1ClientProvider.o
                0x00001438                _ZN26GSM3ShieldV1ClientProvider5readyEv
 .text._ZN26GSM3ShieldV1ClientProviderC2Ev
                0x0000143e       0x2c Lib/GSM/GSM3ShieldV1ClientProvider.o
                0x0000143e                _ZN26GSM3ShieldV1ClientProviderC2Ev
                0x0000143e                _ZN26GSM3ShieldV1ClientProviderC1Ev
 .text.startup._GLOBAL__sub_I__ZN26GSM3ShieldV1ClientProviderC2Ev
                0x0000146a       0x16 Lib/GSM/GSM3ShieldV1ClientProvider.o
 .text._ZN26GSM3ShieldV1ClientProvider24connectTCPClientContinueEv
                0x00001480      0x1d4 Lib/GSM/GSM3ShieldV1ClientProvider.o
                0x00001480                _ZN26GSM3ShieldV1ClientProvider24connectTCPClientContinueEv
 .text._ZN26GSM3ShieldV1ClientProvider16connectTCPClientEPKcii
                0x00001654       0x52 Lib/GSM/GSM3ShieldV1ClientProvider.o
                0x00001654                _ZN26GSM3ShieldV1ClientProvider16connectTCPClientEPKcii
 .text._ZN26GSM3ShieldV1ClientProvider13disconnectTCPEbi
                0x000016a6       0x98 Lib/GSM/GSM3ShieldV1ClientProvider.o
                0x000016a6                _ZN26GSM3ShieldV1ClientProvider13disconnectTCPEbi
 .text._ZN26GSM3ShieldV1ClientProvider10readSocketEv
                0x0000173e       0x44 Lib/GSM/GSM3ShieldV1ClientProvider.o
                0x0000173e                _ZN26GSM3ShieldV1ClientProvider10readSocketEv
 .text._ZN26GSM3ShieldV1ClientProvider19flushSocketContinueEv
                0x00001782       0x2a Lib/GSM/GSM3ShieldV1ClientProvider.o
                0x00001782                _ZN26GSM3ShieldV1ClientProvider19flushSocketContinueEv
 .text._ZN26GSM3ShieldV1ClientProvider14manageResponseEhh
                0x000017ac       0x20 Lib/GSM/GSM3ShieldV1ClientProvider.o
                0x000017ac                _ZN26GSM3ShieldV1ClientProvider14manageResponseEhh
 .text._ZThn3_N26GSM3ShieldV1ClientProvider14manageResponseEhh
                0x000017cc        0x6 Lib/GSM/GSM3ShieldV1ClientProvider.o
                0x000017cc                _ZThn3_N26GSM3ShieldV1ClientProvider14manageResponseEhh
 .text._ZN26GSM3ShieldV1ClientProvider11flushSocketEv
                0x000017d2       0x20 Lib/GSM/GSM3ShieldV1ClientProvider.o
                0x000017d2                _ZN26GSM3ShieldV1ClientProvider11flushSocketEv
 .text._ZN31GSM3ShieldV1DataNetworkProvider18attachGPRSContinueEv
                0x000017f2      0x368 Lib/GSM/GSM3ShieldV1DataNetworkProvider.o
                0x000017f2                _ZN31GSM3ShieldV1DataNetworkProvider18attachGPRSContinueEv
 .text._ZN31GSM3ShieldV1DataNetworkProvider10attachGPRSEPcS0_S0_b
                0x00001b5a       0x68 Lib/GSM/GSM3ShieldV1DataNetworkProvider.o
                0x00001b5a                _ZN31GSM3ShieldV1DataNetworkProvider10attachGPRSEPcS0_S0_b
 .text._ZN31GSM3ShieldV1DataNetworkProvider13networkAttachEPcS0_S0_
                0x00001bc2        0xc Lib/GSM/GSM3ShieldV1DataNetworkProvider.o
                0x00001bc2                _ZN31GSM3ShieldV1DataNetworkProvider13networkAttachEPcS0_S0_
 .text._ZN31GSM3ShieldV1DataNetworkProvider16parseQILOCIP_rspEPciRb
                0x00001bce       0x34 Lib/GSM/GSM3ShieldV1DataNetworkProvider.o
                0x00001bce                _ZN31GSM3ShieldV1DataNetworkProvider16parseQILOCIP_rspEPciRb
 .text.startup._GLOBAL__sub_I__ZN31GSM3ShieldV1DataNetworkProvider10attachGPRSEPcS0_S0_b
                0x00001c02       0x16 Lib/GSM/GSM3ShieldV1DataNetworkProvider.o
 .text._ZN31GSM3ShieldV1DataNetworkProvider18detachGPRSContinueEv
                0x00001c18       0xec Lib/GSM/GSM3ShieldV1DataNetworkProvider.o
                0x00001c18                _ZN31GSM3ShieldV1DataNetworkProvider18detachGPRSContinueEv
 .text._ZN31GSM3ShieldV1DataNetworkProvider10detachGPRSEb
                0x00001d04       0x56 Lib/GSM/GSM3ShieldV1DataNetworkProvider.o
                0x00001d04                _ZN31GSM3ShieldV1DataNetworkProvider10detachGPRSEb
 .text._ZN31GSM3ShieldV1DataNetworkProvider13networkDetachEv
                0x00001d5a        0x6 Lib/GSM/GSM3ShieldV1DataNetworkProvider.o
                0x00001d5a                _ZN31GSM3ShieldV1DataNetworkProvider13networkDetachEv
 .text._ZN31GSM3ShieldV1DataNetworkProvider13getIPContinueEv
                0x00001d60       0x7c Lib/GSM/GSM3ShieldV1DataNetworkProvider.o
                0x00001d60                _ZN31GSM3ShieldV1DataNetworkProvider13getIPContinueEv
 .text._ZN31GSM3ShieldV1DataNetworkProvider14manageResponseEhh
                0x00001ddc       0x1e Lib/GSM/GSM3ShieldV1DataNetworkProvider.o
                0x00001ddc                _ZN31GSM3ShieldV1DataNetworkProvider14manageResponseEhh
 .text._ZThn2_N31GSM3ShieldV1DataNetworkProvider14manageResponseEhh
                0x00001dfa        0x6 Lib/GSM/GSM3ShieldV1DataNetworkProvider.o
                0x00001dfa                _ZThn2_N31GSM3ShieldV1DataNetworkProvider14manageResponseEhh
 .text.startup._GLOBAL__sub_I__ZN31GSM3ShieldV1DirectModemProviderC2Eb
                0x00001e00       0x16 Lib/GSM/GSM3ShieldV1DirectModemProvider.o
 .text._ZN21GSM3ShieldV1ModemCore8writePGMEPKcb
                0x00001e16       0x66 Lib/GSM/GSM3ShieldV1ModemCore.o
                0x00001e16                _ZN21GSM3ShieldV1ModemCore8writePGMEPKcb
 .text._ZN21GSM3ShieldV1ModemCore18registerUMProviderEP24GSM3ShieldV1BaseProvider
                0x00001e7c       0x38 Lib/GSM/GSM3ShieldV1ModemCore.o
                0x00001e7c                _ZN21GSM3ShieldV1ModemCore18registerUMProviderEP24GSM3ShieldV1BaseProvider
 .text._ZN21GSM3ShieldV1ModemCore20unRegisterUMProviderEP24GSM3ShieldV1BaseProvider
                0x00001eb4       0x3e Lib/GSM/GSM3ShieldV1ModemCore.o
                0x00001eb4                _ZN21GSM3ShieldV1ModemCore20unRegisterUMProviderEP24GSM3ShieldV1BaseProvider
 .text._ZN21GSM3ShieldV1ModemCore16genericParse_rspERbPcS1_
                0x00001ef2       0x58 Lib/GSM/GSM3ShieldV1ModemCore.o
                0x00001ef2                _ZN21GSM3ShieldV1ModemCore16genericParse_rspERbPcS1_
 .text._ZN21GSM3ShieldV1ModemCore12closeCommandEi
                0x00001f4a       0x24 Lib/GSM/GSM3ShieldV1ModemCore.o
                0x00001f4a                _ZN21GSM3ShieldV1ModemCore12closeCommandEi
 .text._ZN21GSM3ShieldV1ModemCore17genericCommand_rqEPKcb
                0x00001f6e       0x42 Lib/GSM/GSM3ShieldV1ModemCore.o
                0x00001f6e                _ZN21GSM3ShieldV1ModemCore17genericCommand_rqEPKcb
 .text._ZN21GSM3ShieldV1ModemCore18genericCommand_rqcEPKcb
                0x00001fb0       0x5a Lib/GSM/GSM3ShieldV1ModemCore.o
                0x00001fb0                _ZN21GSM3ShieldV1ModemCore18genericCommand_rqcEPKcb
 .text._ZN21GSM3ShieldV1ModemCore12manageMsgNowEhh
                0x0000200a       0xa8 Lib/GSM/GSM3ShieldV1ModemCore.o
                0x0000200a                _ZN21GSM3ShieldV1ModemCore12manageMsgNowEhh
 .text._ZN21GSM3ShieldV1ModemCore9manageMsgEhh
                0x000020b2       0x12 Lib/GSM/GSM3ShieldV1ModemCore.o
                0x000020b2                _ZN21GSM3ShieldV1ModemCore9manageMsgEhh
 .text._ZN21GSM3ShieldV1ModemCore18manageReceivedDataEv
                0x000020c4       0x30 Lib/GSM/GSM3ShieldV1ModemCore.o
                0x000020c4                _ZN21GSM3ShieldV1ModemCore18manageReceivedDataEv
 .text._ZN21GSM3ShieldV1ModemCore11openCommandEP24GSM3ShieldV1BaseProvider18GSM3_commandType_e
                0x000020f4       0x14 Lib/GSM/GSM3ShieldV1ModemCore.o
                0x000020f4                _ZN21GSM3ShieldV1ModemCore11openCommandEP24GSM3ShieldV1BaseProvider18GSM3_commandType_e
 .text._ZN21GSM3ShieldV1ModemCore16takeMillisecondsEv
                0x00002108       0x4c Lib/GSM/GSM3ShieldV1ModemCore.o
                0x00002108                _ZN21GSM3ShieldV1ModemCore16takeMillisecondsEv
 .text._ZN21GSM3ShieldV1ModemCoreC2Ev
                0x00002154       0x4a Lib/GSM/GSM3ShieldV1ModemCore.o
                0x00002154                _ZN21GSM3ShieldV1ModemCoreC1Ev
                0x00002154                _ZN21GSM3ShieldV1ModemCoreC2Ev
 .text._ZN21GSM3ShieldV1ModemCore20delayInsideInterruptEm
                0x0000219e       0x5e Lib/GSM/GSM3ShieldV1ModemCore.o
                0x0000219e                _ZN21GSM3ShieldV1ModemCore20delayInsideInterruptEm
 .text.startup._GLOBAL__sub_I_theGSM3ShieldV1ModemCore
                0x000021fc        0x8 Lib/GSM/GSM3ShieldV1ModemCore.o
 .text._ZN21GSM3ShieldV1ModemCore5writeEh
                0x00002204       0x34 Lib/GSM/GSM3ShieldV1ModemCore.o
                0x00002204                _ZN21GSM3ShieldV1ModemCore5writeEh
 .text._ZThn2_N21GSM3ShieldV1ModemCore5writeEh
                0x00002238        0x6 Lib/GSM/GSM3ShieldV1ModemCore.o
                0x00002238                _ZThn2_N21GSM3ShieldV1ModemCore5writeEh
 .text.startup._GLOBAL__sub_I__ZN29GSM3ShieldV1ModemVerificationC2Ev
                0x0000223e       0x16 Lib/GSM/GSM3ShieldV1ModemVerification.o
 .text.startup._GLOBAL__sub_I__ZN31GSM3ShieldV1MultiClientProviderC2Ev
                0x00002254       0x16 Lib/GSM/GSM3ShieldV1MultiClientProvider.o
 .text.startup._GLOBAL__sub_I__ZN25GSM3ShieldV1PinManagementC2Ev
                0x0000226a       0x16 Lib/GSM/GSM3ShieldV1PinManagement.o
 .text.startup._GLOBAL__sub_I__ZN24GSM3ShieldV1ScanNetworksC2Eb
                0x00002280       0x16 Lib/GSM/GSM3ShieldV1ScanNetworks.o
 .text._ZN26GSM3ShieldV1ServerProvider17minSocketAsServerEv
                0x00002296        0x6 Lib/GSM/GSM3ShieldV1ServerProvider.o
                0x00002296                _ZN26GSM3ShieldV1ServerProvider17minSocketAsServerEv
 .text._ZN26GSM3ShieldV1ServerProvider17maxSocketAsServerEv
                0x0000229c        0x6 Lib/GSM/GSM3ShieldV1ServerProvider.o
                0x0000229c                _ZN26GSM3ShieldV1ServerProvider17maxSocketAsServerEv
 .text._ZN26GSM3ShieldV1ServerProvider28getSocketAsServerModemStatusEi
                0x000022a2        0xe Lib/GSM/GSM3ShieldV1ServerProvider.o
                0x000022a2                _ZN26GSM3ShieldV1ServerProvider28getSocketAsServerModemStatusEi
 .text._ZN26GSM3ShieldV1ServerProvider23getStatusSocketAsServerEh
                0x000022b0        0xe Lib/GSM/GSM3ShieldV1ServerProvider.o
                0x000022b0                _ZN26GSM3ShieldV1ServerProvider23getStatusSocketAsServerEh
 .text._ZN26GSM3ShieldV1ServerProvider28getNewOccupiedSocketAsServerEv
                0x000022be        0x6 Lib/GSM/GSM3ShieldV1ServerProvider.o
                0x000022be                _ZN26GSM3ShieldV1ServerProvider28getNewOccupiedSocketAsServerEv
 .text._ZN26GSM3ShieldV1ServerProvider5readyEv
                0x000022c4        0x6 Lib/GSM/GSM3ShieldV1ServerProvider.o
                0x000022c4                _ZN26GSM3ShieldV1ServerProvider5readyEv
 .text._ZN26GSM3ShieldV1ServerProviderC2Ev
                0x000022ca       0x1c Lib/GSM/GSM3ShieldV1ServerProvider.o
                0x000022ca                _ZN26GSM3ShieldV1ServerProviderC1Ev
                0x000022ca                _ZN26GSM3ShieldV1ServerProviderC2Ev
 .text._ZN26GSM3ShieldV1ServerProvider24connectTCPServerContinueEv
                0x000022e6      0x126 Lib/GSM/GSM3ShieldV1ServerProvider.o
                0x000022e6                _ZN26GSM3ShieldV1ServerProvider24connectTCPServerContinueEv
 .text._ZN26GSM3ShieldV1ServerProvider14manageResponseEhh
                0x0000240c       0x18 Lib/GSM/GSM3ShieldV1ServerProvider.o
                0x0000240c                _ZN26GSM3ShieldV1ServerProvider14manageResponseEhh
 .text._ZThn2_N26GSM3ShieldV1ServerProvider14manageResponseEhh
                0x00002424        0x6 Lib/GSM/GSM3ShieldV1ServerProvider.o
                0x00002424                _ZThn2_N26GSM3ShieldV1ServerProvider14manageResponseEhh
 .text._ZN26GSM3ShieldV1ServerProvider16connectTCPServerEi
                0x0000242a       0x34 Lib/GSM/GSM3ShieldV1ServerProvider.o
                0x0000242a                _ZN26GSM3ShieldV1ServerProvider16connectTCPServerEi
 .text._ZN26GSM3ShieldV1ServerProvider25recognizeUnsolicitedEventEh
                0x0000245e       0xa2 Lib/GSM/GSM3ShieldV1ServerProvider.o
                0x0000245e                _ZN26GSM3ShieldV1ServerProvider25recognizeUnsolicitedEventEh
 .text._ZThn2_N26GSM3ShieldV1ServerProvider25recognizeUnsolicitedEventEh
                0x00002500        0x6 Lib/GSM/GSM3ShieldV1ServerProvider.o
                0x00002500                _ZThn2_N26GSM3ShieldV1ServerProvider25recognizeUnsolicitedEventEh
 .text._ZN23GSM3ShieldV1SMSProvider15remoteSMSNumberEPci
                0x00002506       0x22 Lib/GSM/GSM3ShieldV1SMSProvider.o
                0x00002506                _ZN23GSM3ShieldV1SMSProvider15remoteSMSNumberEPci
 .text._ZN23GSM3ShieldV1SMSProvider7peekSMSEv
                0x00002528       0x2a Lib/GSM/GSM3ShieldV1SMSProvider.o
                0x00002528                _ZN23GSM3ShieldV1SMSProvider7peekSMSEv
 .text._ZN23GSM3ShieldV1SMSProvider5readyEv
                0x00002552        0x6 Lib/GSM/GSM3ShieldV1SMSProvider.o
                0x00002552                _ZN23GSM3ShieldV1SMSProvider5readyEv
 .text._ZN23GSM3ShieldV1SMSProviderC2Ev
                0x00002558       0x1c Lib/GSM/GSM3ShieldV1SMSProvider.o
                0x00002558                _ZN23GSM3ShieldV1SMSProviderC1Ev
                0x00002558                _ZN23GSM3ShieldV1SMSProviderC2Ev
 .text._ZN23GSM3ShieldV1SMSProvider16beginSMSContinueEv
                0x00002574       0x84 Lib/GSM/GSM3ShieldV1SMSProvider.o
                0x00002574                _ZN23GSM3ShieldV1SMSProvider16beginSMSContinueEv
 .text._ZN23GSM3ShieldV1SMSProvider8beginSMSEPKc
                0x000025f8       0x40 Lib/GSM/GSM3ShieldV1SMSProvider.o
                0x000025f8                _ZN23GSM3ShieldV1SMSProvider8beginSMSEPKc
 .text._ZN23GSM3ShieldV1SMSProvider19parseCMGL_availableERb
                0x00002638       0x6c Lib/GSM/GSM3ShieldV1SMSProvider.o
                0x00002638                _ZN23GSM3ShieldV1SMSProvider19parseCMGL_availableERb
 .text._ZN23GSM3ShieldV1SMSProvider20availableSMSContinueEv
                0x000026a4       0x5c Lib/GSM/GSM3ShieldV1SMSProvider.o
                0x000026a4                _ZN23GSM3ShieldV1SMSProvider20availableSMSContinueEv
 .text._ZN23GSM3ShieldV1SMSProvider12availableSMSEv
                0x00002700       0x2a Lib/GSM/GSM3ShieldV1SMSProvider.o
                0x00002700                _ZN23GSM3ShieldV1SMSProvider12availableSMSEv
 .text._ZN23GSM3ShieldV1SMSProvider16flushSMSContinueEv
                0x0000272a       0x90 Lib/GSM/GSM3ShieldV1SMSProvider.o
                0x0000272a                _ZN23GSM3ShieldV1SMSProvider16flushSMSContinueEv
 .text._ZN23GSM3ShieldV1SMSProvider14endSMSContinueEv
                0x000027ba       0x70 Lib/GSM/GSM3ShieldV1SMSProvider.o
                0x000027ba                _ZN23GSM3ShieldV1SMSProvider14endSMSContinueEv
 .text._ZN23GSM3ShieldV1SMSProvider14manageResponseEhh
                0x0000282a       0x34 Lib/GSM/GSM3ShieldV1SMSProvider.o
                0x0000282a                _ZN23GSM3ShieldV1SMSProvider14manageResponseEhh
 .text._ZThn2_N23GSM3ShieldV1SMSProvider14manageResponseEhh
                0x0000285e        0x6 Lib/GSM/GSM3ShieldV1SMSProvider.o
                0x0000285e                _ZThn2_N23GSM3ShieldV1SMSProvider14manageResponseEhh
 .text._ZN23GSM3ShieldV1SMSProvider6endSMSEv
                0x00002864       0x48 Lib/GSM/GSM3ShieldV1SMSProvider.o
                0x00002864                _ZN23GSM3ShieldV1SMSProvider6endSMSEv
 .text._ZN23GSM3ShieldV1SMSProvider8writeSMSEc
                0x000028ac        0x8 Lib/GSM/GSM3ShieldV1SMSProvider.o
                0x000028ac                _ZN23GSM3ShieldV1SMSProvider8writeSMSEc
 .text._ZN23GSM3ShieldV1SMSProvider7readSMSEv
                0x000028b4       0xf4 Lib/GSM/GSM3ShieldV1SMSProvider.o
                0x000028b4                _ZN23GSM3ShieldV1SMSProvider7readSMSEv
 .text._ZN23GSM3ShieldV1SMSProvider8flushSMSEv
                0x000029a8       0x4c Lib/GSM/GSM3ShieldV1SMSProvider.o
                0x000029a8                _ZN23GSM3ShieldV1SMSProvider8flushSMSEv
 .text._ZN25GSM3ShieldV1VoiceProvider18getvoiceCallStatusEv
                0x000029f4       0x1a Lib/GSM/GSM3ShieldV1VoiceProvider.o
                0x000029f4                _ZN25GSM3ShieldV1VoiceProvider18getvoiceCallStatusEv
 .text._ZN25GSM3ShieldV1VoiceProvider18setvoiceCallStatusE17GSM3_voiceCall_st
                0x00002a0e        0x6 Lib/GSM/GSM3ShieldV1VoiceProvider.o
                0x00002a0e                _ZN25GSM3ShieldV1VoiceProvider18setvoiceCallStatusE17GSM3_voiceCall_st
 .text._ZN25GSM3ShieldV1VoiceProvider10initializeEv
                0x00002a14        0xe Lib/GSM/GSM3ShieldV1VoiceProvider.o
                0x00002a14                _ZN25GSM3ShieldV1VoiceProvider10initializeEv
 .text._ZN25GSM3ShieldV1VoiceProvider9voiceCallEPKc
                0x00002a22       0x4e Lib/GSM/GSM3ShieldV1VoiceProvider.o
                0x00002a22                _ZN25GSM3ShieldV1VoiceProvider9voiceCallEPKc
 .text._ZN25GSM3ShieldV1VoiceProvider25recognizeUnsolicitedEventEh
                0x00002a70      0x150 Lib/GSM/GSM3ShieldV1VoiceProvider.o
                0x00002a70                _ZN25GSM3ShieldV1VoiceProvider25recognizeUnsolicitedEventEh
 .text._ZThn2_N25GSM3ShieldV1VoiceProvider25recognizeUnsolicitedEventEh
                0x00002bc0        0x6 Lib/GSM/GSM3ShieldV1VoiceProvider.o
                0x00002bc0                _ZThn2_N25GSM3ShieldV1VoiceProvider25recognizeUnsolicitedEventEh
 .text._ZN25GSM3ShieldV1VoiceProvider5readyEv
                0x00002bc6        0x6 Lib/GSM/GSM3ShieldV1VoiceProvider.o
                0x00002bc6                _ZN25GSM3ShieldV1VoiceProvider5readyEv
 .text._ZN25GSM3ShieldV1VoiceProviderC2Ev
                0x00002bcc       0x20 Lib/GSM/GSM3ShieldV1VoiceProvider.o
                0x00002bcc                _ZN25GSM3ShieldV1VoiceProviderC1Ev
                0x00002bcc                _ZN25GSM3ShieldV1VoiceProviderC2Ev
 .text._ZN25GSM3ShieldV1VoiceProvider9parseCLCCEPci
                0x00002bec       0x28 Lib/GSM/GSM3ShieldV1VoiceProvider.o
                0x00002bec                _ZN25GSM3ShieldV1VoiceProvider9parseCLCCEPci
 .text._ZN25GSM3ShieldV1VoiceProvider29retrieveCallingNumberContinueEv
                0x00002c14       0x48 Lib/GSM/GSM3ShieldV1VoiceProvider.o
                0x00002c14                _ZN25GSM3ShieldV1VoiceProvider29retrieveCallingNumberContinueEv
 .text._ZN25GSM3ShieldV1VoiceProvider21retrieveCallingNumberEPci
                0x00002c5c       0x40 Lib/GSM/GSM3ShieldV1VoiceProvider.o
                0x00002c5c                _ZN25GSM3ShieldV1VoiceProvider21retrieveCallingNumberEPci
 .text._ZN25GSM3ShieldV1VoiceProvider18answerCallContinueEv
                0x00002c9c       0x84 Lib/GSM/GSM3ShieldV1VoiceProvider.o
                0x00002c9c                _ZN25GSM3ShieldV1VoiceProvider18answerCallContinueEv
 .text._ZN25GSM3ShieldV1VoiceProvider10answerCallEv
                0x00002d20       0x36 Lib/GSM/GSM3ShieldV1VoiceProvider.o
                0x00002d20                _ZN25GSM3ShieldV1VoiceProvider10answerCallEv
 .text._ZN25GSM3ShieldV1VoiceProvider16hangCallContinueEv
                0x00002d56       0x84 Lib/GSM/GSM3ShieldV1VoiceProvider.o
                0x00002d56                _ZN25GSM3ShieldV1VoiceProvider16hangCallContinueEv
 .text._ZN25GSM3ShieldV1VoiceProvider8hangCallEv
                0x00002dda       0x36 Lib/GSM/GSM3ShieldV1VoiceProvider.o
                0x00002dda                _ZN25GSM3ShieldV1VoiceProvider8hangCallEv
 .text._ZN25GSM3ShieldV1VoiceProvider14manageResponseEhh
                0x00002e10       0x1e Lib/GSM/GSM3ShieldV1VoiceProvider.o
                0x00002e10                _ZN25GSM3ShieldV1VoiceProvider14manageResponseEhh
 .text._ZThn2_N25GSM3ShieldV1VoiceProvider14manageResponseEhh
                0x00002e2e        0x6 Lib/GSM/GSM3ShieldV1VoiceProvider.o
                0x00002e2e                _ZThn2_N25GSM3ShieldV1VoiceProvider14manageResponseEhh
 .text._ZN14GSM3SMSService5writeEh
                0x00002e34       0x1c Lib/GSM/GSM3SMSService.o
                0x00002e34                _ZN14GSM3SMSService5writeEh
 .text._ZN14GSM3SMSService4readEv
                0x00002e50       0x16 Lib/GSM/GSM3SMSService.o
                0x00002e50                _ZN14GSM3SMSService4readEv
 .text._ZN14GSM3SMSService4peekEv
                0x00002e66       0x16 Lib/GSM/GSM3SMSService.o
                0x00002e66                _ZN14GSM3SMSService4peekEv
 .text._ZN14GSM3SMSServiceC2Eb
                0x00002e7c       0x2a Lib/GSM/GSM3SMSService.o
                0x00002e7c                _ZN14GSM3SMSServiceC1Eb
                0x00002e7c                _ZN14GSM3SMSServiceC2Eb
 .text._ZN14GSM3SMSService5readyEv
                0x00002ea6       0x16 Lib/GSM/GSM3SMSService.o
                0x00002ea6                _ZN14GSM3SMSService5readyEv
 .text._ZN14GSM3SMSService12remoteNumberEPci
                0x00002ebc       0x16 Lib/GSM/GSM3SMSService.o
                0x00002ebc                _ZN14GSM3SMSService12remoteNumberEPci
 .text._ZN14GSM3SMSService21waitForAnswerIfNeededEi
                0x00002ed2       0x82 Lib/GSM/GSM3SMSService.o
                0x00002ed2                _ZN14GSM3SMSService21waitForAnswerIfNeededEi
 .text._ZN14GSM3SMSService5flushEv
                0x00002f54       0x2a Lib/GSM/GSM3SMSService.o
                0x00002f54                _ZN14GSM3SMSService5flushEv
 .text._ZN14GSM3SMSService9availableEv
                0x00002f7e       0x28 Lib/GSM/GSM3SMSService.o
                0x00002f7e                _ZN14GSM3SMSService9availableEv
 .text.startup._GLOBAL__sub_I_theShieldV1SMSProvider
                0x00002fa6       0x1c Lib/GSM/GSM3SMSService.o
 .text._ZN14GSM3SoftSerial14spaceAvailableEv
                0x00002fc2       0x10 Lib/GSM/GSM3SoftSerial.o
                0x00002fc2                _ZN14GSM3SoftSerial14spaceAvailableEv
 .text._ZN14GSM3SoftSerial5writeEh
                0x00002fd2       0x6c Lib/GSM/GSM3SoftSerial.o
                0x00002fd2                _ZN14GSM3SoftSerial5writeEh
 .text._ZN14GSM3SoftSerial12tx_pin_writeEh.part.1
                0x0000303e       0x18 Lib/GSM/GSM3SoftSerial.o
 .text._ZN14GSM3SoftSerial5closeEv
                0x00003056        0xa Lib/GSM/GSM3SoftSerial.o
                0x00003056                _ZN14GSM3SoftSerial5closeEv
 .text._ZN14GSM3SoftSerial10tunedDelayEj
                0x00003060        0xe Lib/GSM/GSM3SoftSerial.o
                0x00003060                _ZN14GSM3SoftSerial10tunedDelayEj
 .text._ZN14GSM3SoftSerial5beginEl
                0x0000306e       0xc8 Lib/GSM/GSM3SoftSerial.o
                0x0000306e                _ZN14GSM3SoftSerial5beginEl
 .text._ZN14GSM3SoftSerial12tx_pin_writeEh
                0x00003136       0x1e Lib/GSM/GSM3SoftSerial.o
                0x00003136                _ZN14GSM3SoftSerial12tx_pin_writeEh
 .text._ZN14GSM3SoftSerial10finalWriteEh
                0x00003154       0x78 Lib/GSM/GSM3SoftSerial.o
                0x00003154                _ZN14GSM3SoftSerial10finalWriteEh
 .text._ZN14GSM3SoftSerial5setTXEv
                0x000031cc       0x3c Lib/GSM/GSM3SoftSerial.o
                0x000031cc                _ZN14GSM3SoftSerial5setTXEv
 .text._ZN14GSM3SoftSerial5setRXEv
                0x00003208       0x3c Lib/GSM/GSM3SoftSerial.o
                0x00003208                _ZN14GSM3SoftSerial5setRXEv
 .text._ZN14GSM3SoftSerialC2Ev
                0x00003244       0x38 Lib/GSM/GSM3SoftSerial.o
                0x00003244                _ZN14GSM3SoftSerialC1Ev
                0x00003244                _ZN14GSM3SoftSerialC2Ev
 .text._ZN14GSM3SoftSerial12keepThisCharEPh
                0x0000327c       0x4a Lib/GSM/GSM3SoftSerial.o
                0x0000327c                _ZN14GSM3SoftSerial12keepThisCharEPh
 .text._ZN14GSM3SoftSerial4recvEv
                0x000032c6      0x1d2 Lib/GSM/GSM3SoftSerial.o
                0x000032c6                _ZN14GSM3SoftSerial4recvEv
 .text._ZN14GSM3SoftSerial16handle_interruptEv
                0x00003498       0x12 Lib/GSM/GSM3SoftSerial.o
                0x00003498                _ZN14GSM3SoftSerial16handle_interruptEv
 .text.__vector_3
                0x000034aa       0x48 Lib/GSM/GSM3SoftSerial.o
                0x000034aa                __vector_3
 .text.__vector_4
                0x000034f2       0x48 Lib/GSM/GSM3SoftSerial.o
                0x000034f2                __vector_4
 .text.__vector_5
                0x0000353a       0x48 Lib/GSM/GSM3SoftSerial.o
                0x0000353a                __vector_5
 .text.startup._GLOBAL__sub_I_theShieldV1VoiceProvider
                0x00003582       0x1c Lib/GSM/GSM3VoiceCallService.o
 .text.startup._GLOBAL__sub_I_gsmAccess
                0x0000359e       0x46 Sketch.o
 .text._Z16SendDataToServerv
                0x000035e4       0xf0 Sketch.o
                0x000035e4                _Z16SendDataToServerv
 .text.setup    0x000036d4       0x8e Sketch.o
                0x000036d4                setup
 .text._Z7ReadSMSv
                0x00003762       0x8c Sketch.o
                0x00003762                _Z7ReadSMSv
 .text.loop     0x000037ee      0x10c Sketch.o
                0x000037ee                loop
 .text._ZN14HardwareSerial9availableEv
                0x000038fa       0x18 C:\Users\esare\DOCUME~1\MYEMBE~1\ECGPRE~1\PREPAI~1\PREPAI~1\ARDUIN~1\Debug\libArduinoCore.a(HardwareSerial.o)
                0x000038fa                _ZN14HardwareSerial9availableEv
 .text._ZN14HardwareSerial4peekEv
                0x00003912       0x1c C:\Users\esare\DOCUME~1\MYEMBE~1\ECGPRE~1\PREPAI~1\PREPAI~1\ARDUIN~1\Debug\libArduinoCore.a(HardwareSerial.o)
                0x00003912                _ZN14HardwareSerial4peekEv
 .text._ZN14HardwareSerial4readEv
                0x0000392e       0x28 C:\Users\esare\DOCUME~1\MYEMBE~1\ECGPRE~1\PREPAI~1\PREPAI~1\ARDUIN~1\Debug\libArduinoCore.a(HardwareSerial.o)
                0x0000392e                _ZN14HardwareSerial4readEv
 .text._Z14serialEventRunv
                0x00003956       0x1c C:\Users\esare\DOCUME~1\MYEMBE~1\ECGPRE~1\PREPAI~1\PREPAI~1\ARDUIN~1\Debug\libArduinoCore.a(HardwareSerial.o)
                0x00003956                _Z14serialEventRunv
 .text._ZN14HardwareSerial17_tx_udr_empty_irqEv
                0x00003972       0x42 C:\Users\esare\DOCUME~1\MYEMBE~1\ECGPRE~1\PREPAI~1\PREPAI~1\ARDUIN~1\Debug\libArduinoCore.a(HardwareSerial.o)
                0x00003972                _ZN14HardwareSerial17_tx_udr_empty_irqEv
 .text._ZN14HardwareSerial5flushEv
                0x000039b4       0x44 C:\Users\esare\DOCUME~1\MYEMBE~1\ECGPRE~1\PREPAI~1\PREPAI~1\ARDUIN~1\Debug\libArduinoCore.a(HardwareSerial.o)
                0x000039b4                _ZN14HardwareSerial5flushEv
 .text._ZN14HardwareSerial5writeEh
                0x000039f8       0x8e C:\Users\esare\DOCUME~1\MYEMBE~1\ECGPRE~1\PREPAI~1\PREPAI~1\ARDUIN~1\Debug\libArduinoCore.a(HardwareSerial.o)
                0x000039f8                _ZN14HardwareSerial5writeEh
 .text._ZN14HardwareSerial5beginEmh
                0x00003a86       0xca C:\Users\esare\DOCUME~1\MYEMBE~1\ECGPRE~1\PREPAI~1\PREPAI~1\ARDUIN~1\Debug\libArduinoCore.a(HardwareSerial.o)
                0x00003a86                _ZN14HardwareSerial5beginEmh
 .text.__vector_18
                0x00003b50       0x64 C:\Users\esare\DOCUME~1\MYEMBE~1\ECGPRE~1\PREPAI~1\PREPAI~1\ARDUIN~1\Debug\libArduinoCore.a(HardwareSerial0.o)
                0x00003b50                __vector_18
 .text.__vector_19
                0x00003bb4       0x4c C:\Users\esare\DOCUME~1\MYEMBE~1\ECGPRE~1\PREPAI~1\PREPAI~1\ARDUIN~1\Debug\libArduinoCore.a(HardwareSerial0.o)
                0x00003bb4                __vector_19
 .text._Z17Serial0_availablev
                0x00003c00       0x14 C:\Users\esare\DOCUME~1\MYEMBE~1\ECGPRE~1\PREPAI~1\PREPAI~1\ARDUIN~1\Debug\libArduinoCore.a(HardwareSerial0.o)
                0x00003c00                _Z17Serial0_availablev
 .text.startup._GLOBAL__sub_I___vector_18
                0x00003c14       0x5a C:\Users\esare\DOCUME~1\MYEMBE~1\ECGPRE~1\PREPAI~1\PREPAI~1\ARDUIN~1\Debug\libArduinoCore.a(HardwareSerial0.o)
 .text._ZNK9IPAddress7printToER5Print
                0x00003c6e       0x84 C:\Users\esare\DOCUME~1\MYEMBE~1\ECGPRE~1\PREPAI~1\PREPAI~1\ARDUIN~1\Debug\libArduinoCore.a(IPAddress.o)
                0x00003c6e                _ZNK9IPAddress7printToER5Print
 .text._ZN9IPAddressC2Ev
                0x00003cf2       0x14 C:\Users\esare\DOCUME~1\MYEMBE~1\ECGPRE~1\PREPAI~1\PREPAI~1\ARDUIN~1\Debug\libArduinoCore.a(IPAddress.o)
                0x00003cf2                _ZN9IPAddressC1Ev
                0x00003cf2                _ZN9IPAddressC2Ev
 .text._ZN9IPAddressC2Ehhhh
                0x00003d06       0x18 C:\Users\esare\DOCUME~1\MYEMBE~1\ECGPRE~1\PREPAI~1\PREPAI~1\ARDUIN~1\Debug\libArduinoCore.a(IPAddress.o)
                0x00003d06                _ZN9IPAddressC2Ehhhh
                0x00003d06                _ZN9IPAddressC1Ehhhh
 .text.startup._GLOBAL__sub_I__ZN9IPAddressC2Ev
                0x00003d1e       0x16 C:\Users\esare\DOCUME~1\MYEMBE~1\ECGPRE~1\PREPAI~1\PREPAI~1\ARDUIN~1\Debug\libArduinoCore.a(IPAddress.o)
 .text.initVariant
                0x00003d34        0x2 C:\Users\esare\DOCUME~1\MYEMBE~1\ECGPRE~1\PREPAI~1\PREPAI~1\ARDUIN~1\Debug\libArduinoCore.a(main.o)
                0x00003d34                initVariant
 .text.startup.main
                0x00003d36       0x1e C:\Users\esare\DOCUME~1\MYEMBE~1\ECGPRE~1\PREPAI~1\PREPAI~1\ARDUIN~1\Debug\libArduinoCore.a(main.o)
                0x00003d36                main
 .text._ZN5Print5writeEPKhj
                0x00003d54       0x56 C:\Users\esare\DOCUME~1\MYEMBE~1\ECGPRE~1\PREPAI~1\PREPAI~1\ARDUIN~1\Debug\libArduinoCore.a(Print.o)
                0x00003d54                _ZN5Print5writeEPKhj
 .text._ZN5Print5writeEPKc
                0x00003daa       0x2a C:\Users\esare\DOCUME~1\MYEMBE~1\ECGPRE~1\PREPAI~1\PREPAI~1\ARDUIN~1\Debug\libArduinoCore.a(Print.o)
                0x00003daa                _ZN5Print5writeEPKc
 .text._ZN5Print5printERK6String
                0x00003dd4       0x1c C:\Users\esare\DOCUME~1\MYEMBE~1\ECGPRE~1\PREPAI~1\PREPAI~1\ARDUIN~1\Debug\libArduinoCore.a(Print.o)
                0x00003dd4                _ZN5Print5printERK6String
 .text._ZN5Print5printEPKc
                0x00003df0        0x4 C:\Users\esare\DOCUME~1\MYEMBE~1\ECGPRE~1\PREPAI~1\PREPAI~1\ARDUIN~1\Debug\libArduinoCore.a(Print.o)
                0x00003df0                _ZN5Print5printEPKc
 .text._ZN5Print5printEc
                0x00003df4        0xe C:\Users\esare\DOCUME~1\MYEMBE~1\ECGPRE~1\PREPAI~1\PREPAI~1\ARDUIN~1\Debug\libArduinoCore.a(Print.o)
                0x00003df4                _ZN5Print5printEc
 .text._ZN5Print7printlnEv
                0x00003e02        0x8 C:\Users\esare\DOCUME~1\MYEMBE~1\ECGPRE~1\PREPAI~1\PREPAI~1\ARDUIN~1\Debug\libArduinoCore.a(Print.o)
                0x00003e02                _ZN5Print7printlnEv
 .text._ZN5Print7printlnEPKc
                0x00003e0a       0x24 C:\Users\esare\DOCUME~1\MYEMBE~1\ECGPRE~1\PREPAI~1\PREPAI~1\ARDUIN~1\Debug\libArduinoCore.a(Print.o)
                0x00003e0a                _ZN5Print7printlnEPKc
 .text._ZN5Print11printNumberEmh
                0x00003e2e       0xa8 C:\Users\esare\DOCUME~1\MYEMBE~1\ECGPRE~1\PREPAI~1\PREPAI~1\ARDUIN~1\Debug\libArduinoCore.a(Print.o)
                0x00003e2e                _ZN5Print11printNumberEmh
 .text._ZN5Print5printEli
                0x00003ed6       0x94 C:\Users\esare\DOCUME~1\MYEMBE~1\ECGPRE~1\PREPAI~1\PREPAI~1\ARDUIN~1\Debug\libArduinoCore.a(Print.o)
                0x00003ed6                _ZN5Print5printEli
 .text._ZN5Print5printEii
                0x00003f6a        0xe C:\Users\esare\DOCUME~1\MYEMBE~1\ECGPRE~1\PREPAI~1\PREPAI~1\ARDUIN~1\Debug\libArduinoCore.a(Print.o)
                0x00003f6a                _ZN5Print5printEii
 .text._ZN5Print5printEmi
                0x00003f78       0x1a C:\Users\esare\DOCUME~1\MYEMBE~1\ECGPRE~1\PREPAI~1\PREPAI~1\ARDUIN~1\Debug\libArduinoCore.a(Print.o)
                0x00003f78                _ZN5Print5printEmi
 .text._ZN5Print5printEhi
                0x00003f92        0xe C:\Users\esare\DOCUME~1\MYEMBE~1\ECGPRE~1\PREPAI~1\PREPAI~1\ARDUIN~1\Debug\libArduinoCore.a(Print.o)
                0x00003f92                _ZN5Print5printEhi
 .text._ZN5Print5printEji
                0x00003fa0        0xc C:\Users\esare\DOCUME~1\MYEMBE~1\ECGPRE~1\PREPAI~1\PREPAI~1\ARDUIN~1\Debug\libArduinoCore.a(Print.o)
                0x00003fa0                _ZN5Print5printEji
 .text._ZN6Stream9timedReadEv
                0x00003fac       0x60 C:\Users\esare\DOCUME~1\MYEMBE~1\ECGPRE~1\PREPAI~1\PREPAI~1\ARDUIN~1\Debug\libArduinoCore.a(Stream.o)
                0x00003fac                _ZN6Stream9timedReadEv
 .text._ZN6Stream9findMultiEPNS_11MultiTargetEi
                0x0000400c      0x132 C:\Users\esare\DOCUME~1\MYEMBE~1\ECGPRE~1\PREPAI~1\PREPAI~1\ARDUIN~1\Debug\libArduinoCore.a(Stream.o)
                0x0000400c                _ZN6Stream9findMultiEPNS_11MultiTargetEi
 .text._ZN6Stream9findUntilEPcjS0_j.part.0
                0x0000413e       0x4a C:\Users\esare\DOCUME~1\MYEMBE~1\ECGPRE~1\PREPAI~1\PREPAI~1\ARDUIN~1\Debug\libArduinoCore.a(Stream.o)
 .text._ZN6Stream4findEPc
                0x00004188       0x14 C:\Users\esare\DOCUME~1\MYEMBE~1\ECGPRE~1\PREPAI~1\PREPAI~1\ARDUIN~1\Debug\libArduinoCore.a(Stream.o)
                0x00004188                _ZN6Stream4findEPc
 .text.__vector_16
                0x0000419c       0x94 C:\Users\esare\DOCUME~1\MYEMBE~1\ECGPRE~1\PREPAI~1\PREPAI~1\ARDUIN~1\Debug\libArduinoCore.a(wiring.o)
                0x0000419c                __vector_16
 .text.millis   0x00004230       0x18 C:\Users\esare\DOCUME~1\MYEMBE~1\ECGPRE~1\PREPAI~1\PREPAI~1\ARDUIN~1\Debug\libArduinoCore.a(wiring.o)
                0x00004230                millis
 .text.micros   0x00004248       0x4a C:\Users\esare\DOCUME~1\MYEMBE~1\ECGPRE~1\PREPAI~1\PREPAI~1\ARDUIN~1\Debug\libArduinoCore.a(wiring.o)
                0x00004248                micros
 .text.delay    0x00004292       0x78 C:\Users\esare\DOCUME~1\MYEMBE~1\ECGPRE~1\PREPAI~1\PREPAI~1\ARDUIN~1\Debug\libArduinoCore.a(wiring.o)
                0x00004292                delay
 .text.init     0x0000430a       0x76 C:\Users\esare\DOCUME~1\MYEMBE~1\ECGPRE~1\PREPAI~1\PREPAI~1\ARDUIN~1\Debug\libArduinoCore.a(wiring.o)
                0x0000430a                init
 .text.turnOffPWM
                0x00004380       0x52 C:\Users\esare\DOCUME~1\MYEMBE~1\ECGPRE~1\PREPAI~1\PREPAI~1\ARDUIN~1\Debug\libArduinoCore.a(wiring_digital.o)
 .text.pinMode  0x000043d2       0x78 C:\Users\esare\DOCUME~1\MYEMBE~1\ECGPRE~1\PREPAI~1\PREPAI~1\ARDUIN~1\Debug\libArduinoCore.a(wiring_digital.o)
                0x000043d2                pinMode
 .text.digitalWrite
                0x0000444a       0x60 C:\Users\esare\DOCUME~1\MYEMBE~1\ECGPRE~1\PREPAI~1\PREPAI~1\ARDUIN~1\Debug\libArduinoCore.a(wiring_digital.o)
                0x0000444a                digitalWrite
 .text._ZN6StringD2Ev
                0x000044aa        0xa C:\Users\esare\DOCUME~1\MYEMBE~1\ECGPRE~1\PREPAI~1\PREPAI~1\ARDUIN~1\Debug\libArduinoCore.a(WString.o)
                0x000044aa                _ZN6StringD2Ev
                0x000044aa                _ZN6StringD1Ev
 .text._ZN6String10invalidateEv
                0x000044b4       0x24 C:\Users\esare\DOCUME~1\MYEMBE~1\ECGPRE~1\PREPAI~1\PREPAI~1\ARDUIN~1\Debug\libArduinoCore.a(WString.o)
                0x000044b4                _ZN6String10invalidateEv
 .text._ZN6String12changeBufferEj
                0x000044d8       0x34 C:\Users\esare\DOCUME~1\MYEMBE~1\ECGPRE~1\PREPAI~1\PREPAI~1\ARDUIN~1\Debug\libArduinoCore.a(WString.o)
                0x000044d8                _ZN6String12changeBufferEj
 .text._ZN6String7reserveEj
                0x0000450c       0x38 C:\Users\esare\DOCUME~1\MYEMBE~1\ECGPRE~1\PREPAI~1\PREPAI~1\ARDUIN~1\Debug\libArduinoCore.a(WString.o)
                0x0000450c                _ZN6String7reserveEj
 .text._ZN6String4copyEPKcj
                0x00004544       0x42 C:\Users\esare\DOCUME~1\MYEMBE~1\ECGPRE~1\PREPAI~1\PREPAI~1\ARDUIN~1\Debug\libArduinoCore.a(WString.o)
                0x00004544                _ZN6String4copyEPKcj
 .text._ZN6StringC2EPKc
                0x00004586       0x2a C:\Users\esare\DOCUME~1\MYEMBE~1\ECGPRE~1\PREPAI~1\PREPAI~1\ARDUIN~1\Debug\libArduinoCore.a(WString.o)
                0x00004586                _ZN6StringC2EPKc
                0x00004586                _ZN6StringC1EPKc
 .text._ZN6String6concatEPKcj
                0x000045b0       0x5c C:\Users\esare\DOCUME~1\MYEMBE~1\ECGPRE~1\PREPAI~1\PREPAI~1\ARDUIN~1\Debug\libArduinoCore.a(WString.o)
                0x000045b0                _ZN6String6concatEPKcj
 .text._ZN6String6concatEPKc
                0x0000460c       0x1e C:\Users\esare\DOCUME~1\MYEMBE~1\ECGPRE~1\PREPAI~1\PREPAI~1\ARDUIN~1\Debug\libArduinoCore.a(WString.o)
                0x0000460c                _ZN6String6concatEPKc
 .text._ZN6String6concatEc
                0x0000462a       0x26 C:\Users\esare\DOCUME~1\MYEMBE~1\ECGPRE~1\PREPAI~1\PREPAI~1\ARDUIN~1\Debug\libArduinoCore.a(WString.o)
                0x0000462a                _ZN6String6concatEc
 .text._ZN6String6concatEi
                0x00004650       0x60 C:\Users\esare\DOCUME~1\MYEMBE~1\ECGPRE~1\PREPAI~1\PREPAI~1\ARDUIN~1\Debug\libArduinoCore.a(WString.o)
                0x00004650                _ZN6String6concatEi
 .text._ZNK6String7indexOfERKS_j
                0x000046b0       0x3a C:\Users\esare\DOCUME~1\MYEMBE~1\ECGPRE~1\PREPAI~1\PREPAI~1\ARDUIN~1\Debug\libArduinoCore.a(WString.o)
                0x000046b0                _ZNK6String7indexOfERKS_j
 .text._ZNK6String7indexOfERKS_
                0x000046ea        0x8 C:\Users\esare\DOCUME~1\MYEMBE~1\ECGPRE~1\PREPAI~1\PREPAI~1\ARDUIN~1\Debug\libArduinoCore.a(WString.o)
                0x000046ea                _ZNK6String7indexOfERKS_
 .text.__empty  0x000046f2        0x2 C:\Users\esare\DOCUME~1\MYEMBE~1\ECGPRE~1\PREPAI~1\PREPAI~1\ARDUIN~1\Debug\libArduinoCore.a(hooks.o)
                0x000046f2                yield
 .text.libgcc.div
                0x000046f4       0x44 c:/program files (x86)/atmel/studio/7.0/toolchain/avr8/avr8-gnu-toolchain/bin/../lib/gcc/avr/4.9.2/avr5\libgcc.a(_udivmodsi4.o)
                0x000046f4                __udivmodsi4
 .text.libgcc   0x00004738        0xc c:/program files (x86)/atmel/studio/7.0/toolchain/avr8/avr8-gnu-toolchain/bin/../lib/gcc/avr/4.9.2/avr5\libgcc.a(_tablejump2.o)
                0x00004738                __tablejump2__
 .text.avr-libc
                0x00004744      0x25a c:/program files (x86)/atmel/studio/7.0/toolchain/avr8/avr8-gnu-toolchain/bin/../lib/gcc/avr/4.9.2/../../../../avr/lib/avr5\libc.a(malloc.o)
                0x00004744                malloc
                0x0000486e                free
 .text.avr-libc
                0x0000499e      0x194 c:/program files (x86)/atmel/studio/7.0/toolchain/avr8/avr8-gnu-toolchain/bin/../lib/gcc/avr/4.9.2/../../../../avr/lib/avr5\libc.a(realloc.o)
                0x0000499e                realloc
 .text.avr-libc
                0x00004b32       0x12 c:/program files (x86)/atmel/studio/7.0/toolchain/avr8/avr8-gnu-toolchain/bin/../lib/gcc/avr/4.9.2/../../../../avr/lib/avr5\libc.a(memcpy.o)
                0x00004b32                memcpy
 .text.avr-libc
                0x00004b44        0xe c:/program files (x86)/atmel/studio/7.0/toolchain/avr8/avr8-gnu-toolchain/bin/../lib/gcc/avr/4.9.2/../../../../avr/lib/avr5\libc.a(strcpy.o)
                0x00004b44                strcpy
 .text.avr-libc
                0x00004b52       0x34 c:/program files (x86)/atmel/studio/7.0/toolchain/avr8/avr8-gnu-toolchain/bin/../lib/gcc/avr/4.9.2/../../../../avr/lib/avr5\libc.a(strstr.o)
                0x00004b52                strstr
 .text.avr-libc
                0x00004b86       0x16 c:/program files (x86)/atmel/studio/7.0/toolchain/avr8/avr8-gnu-toolchain/bin/../lib/gcc/avr/4.9.2/../../../../avr/lib/avr5\libc.a(itoa_ncheck.o)
                0x00004b86                __itoa_ncheck
 .text.avr-libc
                0x00004b9c       0x34 c:/program files (x86)/atmel/studio/7.0/toolchain/avr8/avr8-gnu-toolchain/bin/../lib/gcc/avr/4.9.2/../../../../avr/lib/avr5\libc.a(utoa_ncheck.o)
                0x00004b9c                __utoa_ncheck
                0x00004b9e                __utoa_common
 .text.avr-libc
                0x00004bd0       0x20 c:/program files (x86)/atmel/studio/7.0/toolchain/avr8/avr8-gnu-toolchain/bin/../lib/gcc/avr/4.9.2/../../../../avr/lib/avr5\libc.a(strrev.o)
                0x00004bd0                strrev
 .text.libgcc.prologue
                0x00004bf0       0x38 c:/program files (x86)/atmel/studio/7.0/toolchain/avr8/avr8-gnu-toolchain/bin/../lib/gcc/avr/4.9.2/avr5\libgcc.a(_prologue.o)
                0x00004bf0                __prologue_saves__
 .text.libgcc.prologue
                0x00004c28       0x36 c:/program files (x86)/atmel/studio/7.0/toolchain/avr8/avr8-gnu-toolchain/bin/../lib/gcc/avr/4.9.2/avr5\libgcc.a(_epilogue.o)
                0x00004c28                __epilogue_restores__
                0x00004c5e                . = ALIGN (0x2)
 *(.fini9)
 .fini9         0x00004c5e        0x0 c:/program files (x86)/atmel/studio/7.0/toolchain/avr8/avr8-gnu-toolchain/bin/../lib/gcc/avr/4.9.2/avr5\libgcc.a(_exit.o)
                0x00004c5e                _exit
                0x00004c5e                exit
 *(.fini9)
 *(.fini8)
 *(.fini8)
 *(.fini7)
 *(.fini7)
 *(.fini6)
 *(.fini6)
 *(.fini5)
 *(.fini5)
 *(.fini4)
 *(.fini4)
 *(.fini3)
 *(.fini3)
 *(.fini2)
 *(.fini2)
 *(.fini1)
 *(.fini1)
 *(.fini0)
 .fini0         0x00004c5e        0x4 c:/program files (x86)/atmel/studio/7.0/toolchain/avr8/avr8-gnu-toolchain/bin/../lib/gcc/avr/4.9.2/avr5\libgcc.a(_exit.o)
 *(.fini0)
                0x00004c62                _etext = .

.data           0x00800100      0x21a load address 0x00004c62
                0x00800100                PROVIDE (__data_start, .)
 *(.data)
 .data          0x00800100        0x6 c:/program files (x86)/atmel/studio/7.0/toolchain/avr8/avr8-gnu-toolchain/bin/../lib/gcc/avr/4.9.2/../../../../avr/lib/avr5\libc.a(malloc.o)
                0x00800100                __malloc_heap_end
                0x00800102                __malloc_heap_start
                0x00800104                __malloc_margin
 *(.data*)
 .data.__ok__   0x00800106        0x2 Lib/GSM/GSM3ShieldV1ModemCore.o
                0x00800106                __ok__
 .data.port     0x00800108        0x2 Sketch.o
                0x00800108                port
 .data.server   0x0080010a       0x13 Sketch.o
                0x0080010a                server
 .data.apiKey   0x0080011d        0x2 Sketch.o
                0x0080011d                apiKey
 .data.GPRS_PASSWORD
                0x0080011f        0x2 Sketch.o
                0x0080011f                GPRS_PASSWORD
 .data.GPRS_LOGIN
                0x00800121        0x2 Sketch.o
                0x00800121                GPRS_LOGIN
 .data.GPRS_APN
                0x00800123        0x2 Sketch.o
                0x00800123                GPRS_APN
 *(.rodata)
 *(.rodata*)
 .rodata.str1.1
                0x00800125        0x2 Lib/GSM/GSM3CircularBuffer.o
 .rodata._ZTV23GSM3MobileClientService
                0x00800127       0x1c Lib/GSM/GSM3MobileClientService.o
                0x00800127                _ZTV23GSM3MobileClientService
 .rodata._ZTV26GSM3ShieldV1AccessProvider
                0x00800143       0x18 Lib/GSM/GSM3ShieldV1AccessProvider.o
                0x00800143                _ZTV26GSM3ShieldV1AccessProvider
 .rodata.str1.1
                0x0080015b       0x23 Lib/GSM/GSM3ShieldV1ClientProvider.o
 .rodata._ZTV26GSM3ShieldV1ClientProvider
                0x0080017e       0x32 Lib/GSM/GSM3ShieldV1ClientProvider.o
                0x0080017e                _ZTV26GSM3ShieldV1ClientProvider
 .rodata.str1.1
                0x008001b0       0x23 Lib/GSM/GSM3ShieldV1DataNetworkProvider.o
                                  0x5 (size before relaxing)
 .rodata._ZTV31GSM3ShieldV1DataNetworkProvider
                0x008001b0       0x12 Lib/GSM/GSM3ShieldV1DataNetworkProvider.o
                0x008001b0                _ZTV31GSM3ShieldV1DataNetworkProvider
 .rodata.str1.1
                0x008001c2       0x23 Lib/GSM/GSM3ShieldV1ModemCore.o
                                  0x5 (size before relaxing)
 .rodata._ZTV21GSM3ShieldV1ModemCore
                0x008001c2       0x12 Lib/GSM/GSM3ShieldV1ModemCore.o
                0x008001c2                _ZTV21GSM3ShieldV1ModemCore
 .rodata._ZTV26GSM3ShieldV1ServerProvider
                0x008001d4       0x1e Lib/GSM/GSM3ShieldV1ServerProvider.o
                0x008001d4                _ZTV26GSM3ShieldV1ServerProvider
 .rodata.str1.1
                0x008001f2       0x21 Lib/GSM/GSM3ShieldV1SMSProvider.o
                                 0x27 (size before relaxing)
 .rodata._ZTV23GSM3ShieldV1SMSProvider
                0x00800213       0x20 Lib/GSM/GSM3ShieldV1SMSProvider.o
                0x00800213                _ZTV23GSM3ShieldV1SMSProvider
 .rodata.str1.1
                0x00800233       0x16 Lib/GSM/GSM3ShieldV1VoiceProvider.o
                                 0x18 (size before relaxing)
 .rodata._ZTV25GSM3ShieldV1VoiceProvider
                0x00800249       0x20 Lib/GSM/GSM3ShieldV1VoiceProvider.o
                0x00800249                _ZTV25GSM3ShieldV1VoiceProvider
 .rodata._ZTV14GSM3SMSService
                0x00800269       0x10 Lib/GSM/GSM3SMSService.o
                0x00800269                _ZTV14GSM3SMSService
 .rodata._ZTV14GSM3SoftSerial
                0x00800279        0xa Lib/GSM/GSM3SoftSerial.o
                0x00800279                _ZTV14GSM3SoftSerial
 .rodata.str1.1
                0x00800283       0x72 Sketch.o
                                 0x77 (size before relaxing)
 .rodata._ZTV14HardwareSerial
                0x008002f5       0x10 C:\Users\esare\DOCUME~1\MYEMBE~1\ECGPRE~1\PREPAI~1\PREPAI~1\ARDUIN~1\Debug\libArduinoCore.a(HardwareSerial.o)
                0x008002f5                _ZTV14HardwareSerial
 .rodata._ZTV9IPAddress
                0x00800305        0x6 C:\Users\esare\DOCUME~1\MYEMBE~1\ECGPRE~1\PREPAI~1\PREPAI~1\ARDUIN~1\Debug\libArduinoCore.a(IPAddress.o)
                0x00800305                _ZTV9IPAddress
 .rodata.str1.1
                0x0080030b        0xe C:\Users\esare\DOCUME~1\MYEMBE~1\ECGPRE~1\PREPAI~1\PREPAI~1\ARDUIN~1\Debug\libArduinoCore.a(Print.o)
                                 0x11 (size before relaxing)
 *(.gnu.linkonce.d*)
                0x0080031a                . = ALIGN (0x2)
 *fill*         0x00800319        0x1 
                0x0080031a                _edata = .
                0x0080031a                PROVIDE (__data_end, .)

.bss            0x0080031a      0x23b
                0x0080031a                PROVIDE (__bss_start, .)
 *(.bss)
 *(.bss*)
 .bss.theGSM3MobileClientProvider
                0x0080031a        0x2 Lib/GSM/GSM3MobileClientProvider.o
                0x0080031a                theGSM3MobileClientProvider
 .bss._ZL11INADDR_NONE
                0x0080031c        0x6 Lib/GSM/GSM3MobileClientProvider.o
 .bss.theShieldV1ClientProvider
                0x00800322        0xf Lib/GSM/GSM3MobileClientService.o
                0x00800322                theShieldV1ClientProvider
 .bss._ZL11INADDR_NONE
                0x00800331        0x6 Lib/GSM/GSM3MobileClientService.o
 .bss._ZL11INADDR_NONE
                0x00800337        0x6 Lib/GSM/GSM3MobileMockupProvider.o
 .bss._ZL11INADDR_NONE
                0x0080033d        0x6 Lib/GSM/GSM3MobileNetworkProvider.o
 .bss.theMobileNetworkRegistry
                0x00800343        0x2 Lib/GSM/GSM3MobileNetworkRegistry.o
                0x00800343                theMobileNetworkRegistry
 .bss._ZL11INADDR_NONE
                0x00800345        0x6 Lib/GSM/GSM3MobileNetworkRegistry.o
 .bss.theGSM3MobileServerProvider
                0x0080034b        0x2 Lib/GSM/GSM3MobileServerProvider.o
                0x0080034b                theGSM3MobileServerProvider
 .bss.theShieldV1ServerProvider
                0x0080034d        0x4 Lib/GSM/GSM3MobileServerService.o
                0x0080034d                theShieldV1ServerProvider
 .bss._ZL11INADDR_NONE
                0x00800351        0x6 Lib/GSM/GSM3MobileServerService.o
 .bss.theGSM3SMSProvider
                0x00800357        0x2 Lib/GSM/GSM3MobileSMSProvider.o
                0x00800357                theGSM3SMSProvider
 .bss.theGSM3MobileVoiceProvider
                0x00800359        0x2 Lib/GSM/GSM3MobileVoiceProvider.o
                0x00800359                theGSM3MobileVoiceProvider
 .bss._ZL11INADDR_NONE
                0x0080035b        0x6 Lib/GSM/GSM3ShieldV1.o
 .bss._ZL11INADDR_NONE
                0x00800361        0x6 Lib/GSM/GSM3ShieldV1BandManagement.o
 .bss._ZL11INADDR_NONE
                0x00800367        0x6 Lib/GSM/GSM3ShieldV1ClientProvider.o
 .bss._ZL11INADDR_NONE
                0x0080036d        0x6 Lib/GSM/GSM3ShieldV1DataNetworkProvider.o
 .bss._ZL11INADDR_NONE
                0x00800373        0x6 Lib/GSM/GSM3ShieldV1DirectModemProvider.o
 .bss.theGSM3ShieldV1ModemCore
                0x00800379       0xb4 Lib/GSM/GSM3ShieldV1ModemCore.o
                0x00800379                theGSM3ShieldV1ModemCore
 .bss._ZL11INADDR_NONE
                0x0080042d        0x6 Lib/GSM/GSM3ShieldV1ModemVerification.o
 .bss._ZL11INADDR_NONE
                0x00800433        0x6 Lib/GSM/GSM3ShieldV1MultiClientProvider.o
 .bss._ZL11INADDR_NONE
                0x00800439        0x6 Lib/GSM/GSM3ShieldV1PinManagement.o
 .bss._ZL11INADDR_NONE
                0x0080043f        0x6 Lib/GSM/GSM3ShieldV1ScanNetworks.o
 .bss.theShieldV1SMSProvider
                0x00800445        0xa Lib/GSM/GSM3SMSService.o
                0x00800445                theShieldV1SMSProvider
 .bss._ZL11INADDR_NONE
                0x0080044f        0x6 Lib/GSM/GSM3SMSService.o
 .bss._ZN14GSM3SoftSerial13_activeObjectE
                0x00800455        0x2 Lib/GSM/GSM3SoftSerial.o
                0x00800455                _ZN14GSM3SoftSerial13_activeObjectE
 .bss.theShieldV1VoiceProvider
                0x00800457        0x7 Lib/GSM/GSM3VoiceCallService.o
                0x00800457                theShieldV1VoiceProvider
 .bss._ZL11INADDR_NONE
                0x0080045e        0x6 Lib/GSM/GSM3VoiceCallService.o
 .bss.senderNumber
                0x00800464       0x14 Sketch.o
                0x00800464                senderNumber
 .bss.sms       0x00800478        0xd Sketch.o
                0x00800478                sms
 .bss.gprs      0x00800485        0x8 Sketch.o
                0x00800485                gprs
 .bss.client    0x0080048d        0xe Sketch.o
                0x0080048d                client
 .bss.gsmAccess
                0x0080049b        0x4 Sketch.o
                0x0080049b                gsmAccess
 .bss._ZL11INADDR_NONE
                0x0080049f        0x6 Sketch.o
 .bss.Serial    0x008004a5       0x9d C:\Users\esare\DOCUME~1\MYEMBE~1\ECGPRE~1\PREPAI~1\PREPAI~1\ARDUIN~1\Debug\libArduinoCore.a(HardwareSerial0.o)
                0x008004a5                Serial
 .bss._ZL11INADDR_NONE
                0x00800542        0x6 C:\Users\esare\DOCUME~1\MYEMBE~1\ECGPRE~1\PREPAI~1\PREPAI~1\ARDUIN~1\Debug\libArduinoCore.a(IPAddress.o)
 .bss.timer0_fract
                0x00800548        0x1 C:\Users\esare\DOCUME~1\MYEMBE~1\ECGPRE~1\PREPAI~1\PREPAI~1\ARDUIN~1\Debug\libArduinoCore.a(wiring.o)
 .bss.timer0_millis
                0x00800549        0x4 C:\Users\esare\DOCUME~1\MYEMBE~1\ECGPRE~1\PREPAI~1\PREPAI~1\ARDUIN~1\Debug\libArduinoCore.a(wiring.o)
                0x00800549                timer0_millis
 .bss.timer0_overflow_count
                0x0080054d        0x4 C:\Users\esare\DOCUME~1\MYEMBE~1\ECGPRE~1\PREPAI~1\PREPAI~1\ARDUIN~1\Debug\libArduinoCore.a(wiring.o)
                0x0080054d                timer0_overflow_count
 *(COMMON)
 COMMON         0x00800551        0x4 c:/program files (x86)/atmel/studio/7.0/toolchain/avr8/avr8-gnu-toolchain/bin/../lib/gcc/avr/4.9.2/../../../../avr/lib/avr5\libc.a(malloc.o)
                0x00800551                __brkval
                0x00800553                __flp
                0x00800555                PROVIDE (__bss_end, .)
                0x00004c62                __data_load_start = LOADADDR (.data)
                0x00004e7c                __data_load_end = (__data_load_start + SIZEOF (.data))

.noinit         0x00800555        0x0
                [!provide]                PROVIDE (__noinit_start, .)
 *(.noinit*)
                [!provide]                PROVIDE (__noinit_end, .)
                0x00800555                _end = .
                0x00800555                PROVIDE (__heap_start, .)

.eeprom         0x00810000        0x0
 *(.eeprom*)
                0x00810000                __eeprom_end = .

.fuse
 *(.fuse)
 *(.lfuse)
 *(.hfuse)
 *(.efuse)

.lock
 *(.lock*)

.signature
 *(.signature*)

.user_signatures
 *(.user_signatures*)

.stab
 *(.stab)

.stabstr
 *(.stabstr)

.stab.excl
 *(.stab.excl)

.stab.exclstr
 *(.stab.exclstr)

.stab.index
 *(.stab.index)

.stab.indexstr
 *(.stab.indexstr)

.comment        0x00000000       0x30
 *(.comment)
 .comment       0x00000000       0x30 Lib/GSM/GSM3CircularBuffer.o
                                 0x31 (size before relaxing)
 .comment       0x00000030       0x31 Lib/GSM/GSM3MobileClientProvider.o
 .comment       0x00000030       0x31 Lib/GSM/GSM3MobileClientService.o
 .comment       0x00000030       0x31 Lib/GSM/GSM3MobileMockupProvider.o
 .comment       0x00000030       0x31 Lib/GSM/GSM3MobileNetworkProvider.o
 .comment       0x00000030       0x31 Lib/GSM/GSM3MobileNetworkRegistry.o
 .comment       0x00000030       0x31 Lib/GSM/GSM3MobileServerProvider.o
 .comment       0x00000030       0x31 Lib/GSM/GSM3MobileServerService.o
 .comment       0x00000030       0x31 Lib/GSM/GSM3MobileSMSProvider.o
 .comment       0x00000030       0x31 Lib/GSM/GSM3MobileVoiceProvider.o
 .comment       0x00000030       0x31 Lib/GSM/GSM3ShieldV1.o
 .comment       0x00000030       0x31 Lib/GSM/GSM3ShieldV1AccessProvider.o
 .comment       0x00000030       0x31 Lib/GSM/GSM3ShieldV1BandManagement.o
 .comment       0x00000030       0x31 Lib/GSM/GSM3ShieldV1BaseProvider.o
 .comment       0x00000030       0x31 Lib/GSM/GSM3ShieldV1ClientProvider.o
 .comment       0x00000030       0x31 Lib/GSM/GSM3ShieldV1DataNetworkProvider.o
 .comment       0x00000030       0x31 Lib/GSM/GSM3ShieldV1DirectModemProvider.o
 .comment       0x00000030       0x31 Lib/GSM/GSM3ShieldV1ModemCore.o
 .comment       0x00000030       0x31 Lib/GSM/GSM3ShieldV1ModemVerification.o
 .comment       0x00000030       0x31 Lib/GSM/GSM3ShieldV1MultiClientProvider.o
 .comment       0x00000030       0x31 Lib/GSM/GSM3ShieldV1PinManagement.o
 .comment       0x00000030       0x31 Lib/GSM/GSM3ShieldV1ScanNetworks.o
 .comment       0x00000030       0x31 Lib/GSM/GSM3ShieldV1ServerProvider.o
 .comment       0x00000030       0x31 Lib/GSM/GSM3ShieldV1SMSProvider.o
 .comment       0x00000030       0x31 Lib/GSM/GSM3ShieldV1VoiceProvider.o
 .comment       0x00000030       0x31 Lib/GSM/GSM3SMSService.o
 .comment       0x00000030       0x31 Lib/GSM/GSM3SoftSerial.o
 .comment       0x00000030       0x31 Lib/GSM/GSM3VoiceCallService.o
 .comment       0x00000030       0x31 Sketch.o
 .comment       0x00000030       0x31 C:\Users\esare\DOCUME~1\MYEMBE~1\ECGPRE~1\PREPAI~1\PREPAI~1\ARDUIN~1\Debug\libArduinoCore.a(HardwareSerial.o)
 .comment       0x00000030       0x31 C:\Users\esare\DOCUME~1\MYEMBE~1\ECGPRE~1\PREPAI~1\PREPAI~1\ARDUIN~1\Debug\libArduinoCore.a(HardwareSerial0.o)
 .comment       0x00000030       0x31 C:\Users\esare\DOCUME~1\MYEMBE~1\ECGPRE~1\PREPAI~1\PREPAI~1\ARDUIN~1\Debug\libArduinoCore.a(IPAddress.o)
 .comment       0x00000030       0x31 C:\Users\esare\DOCUME~1\MYEMBE~1\ECGPRE~1\PREPAI~1\PREPAI~1\ARDUIN~1\Debug\libArduinoCore.a(main.o)
 .comment       0x00000030       0x31 C:\Users\esare\DOCUME~1\MYEMBE~1\ECGPRE~1\PREPAI~1\PREPAI~1\ARDUIN~1\Debug\libArduinoCore.a(Print.o)
 .comment       0x00000030       0x31 C:\Users\esare\DOCUME~1\MYEMBE~1\ECGPRE~1\PREPAI~1\PREPAI~1\ARDUIN~1\Debug\libArduinoCore.a(Stream.o)
 .comment       0x00000030       0x31 C:\Users\esare\DOCUME~1\MYEMBE~1\ECGPRE~1\PREPAI~1\PREPAI~1\ARDUIN~1\Debug\libArduinoCore.a(wiring.o)
 .comment       0x00000030       0x31 C:\Users\esare\DOCUME~1\MYEMBE~1\ECGPRE~1\PREPAI~1\PREPAI~1\ARDUIN~1\Debug\libArduinoCore.a(wiring_digital.o)
 .comment       0x00000030       0x31 C:\Users\esare\DOCUME~1\MYEMBE~1\ECGPRE~1\PREPAI~1\PREPAI~1\ARDUIN~1\Debug\libArduinoCore.a(WString.o)
 .comment       0x00000030       0x31 C:\Users\esare\DOCUME~1\MYEMBE~1\ECGPRE~1\PREPAI~1\PREPAI~1\ARDUIN~1\Debug\libArduinoCore.a(hooks.o)
 .comment       0x00000030       0x31 c:/program files (x86)/atmel/studio/7.0/toolchain/avr8/avr8-gnu-toolchain/bin/../lib/gcc/avr/4.9.2/../../../../avr/lib/avr5\libc.a(malloc.o)
 .comment       0x00000030       0x31 c:/program files (x86)/atmel/studio/7.0/toolchain/avr8/avr8-gnu-toolchain/bin/../lib/gcc/avr/4.9.2/../../../../avr/lib/avr5\libc.a(realloc.o)

.note.gnu.avr.deviceinfo
                0x00000000       0x40
 .note.gnu.avr.deviceinfo
                0x00000000       0x40 C:/Program Files (x86)/Atmel/Studio/7.0/Packs/atmel/ATmega_DFP/1.1.130/gcc/dev/atmega328p/avr5/crtatmega328p.o

.note.gnu.build-id
 *(.note.gnu.build-id)

.debug
 *(.debug)

.line
 *(.line)

.debug_srcinfo
 *(.debug_srcinfo)

.debug_sfnames
 *(.debug_sfnames)

.debug_aranges  0x00000000     0x1378
 *(.debug_aranges)
 .debug_aranges
                0x00000000       0x90 Lib/GSM/GSM3CircularBuffer.o
 .debug_aranges
                0x00000090       0x20 Lib/GSM/GSM3MobileClientProvider.o
 .debug_aranges
                0x000000b0       0xb8 Lib/GSM/GSM3MobileClientService.o
 .debug_aranges
                0x00000168       0xf8 Lib/GSM/GSM3MobileMockupProvider.o
 .debug_aranges
                0x00000260       0x70 Lib/GSM/GSM3MobileNetworkProvider.o
 .debug_aranges
                0x000002d0       0x38 Lib/GSM/GSM3MobileNetworkRegistry.o
 .debug_aranges
                0x00000308       0x18 Lib/GSM/GSM3MobileServerProvider.o
 .debug_aranges
                0x00000320       0x78 Lib/GSM/GSM3MobileServerService.o
 .debug_aranges
                0x00000398       0x18 Lib/GSM/GSM3MobileSMSProvider.o
 .debug_aranges
                0x000003b0       0x18 Lib/GSM/GSM3MobileVoiceProvider.o
 .debug_aranges
                0x000003c8       0x80 Lib/GSM/GSM3ShieldV1.o
 .debug_aranges
                0x00000448       0x80 Lib/GSM/GSM3ShieldV1AccessProvider.o
 .debug_aranges
                0x000004c8       0x40 Lib/GSM/GSM3ShieldV1BandManagement.o
 .debug_aranges
                0x00000508       0x28 Lib/GSM/GSM3ShieldV1BaseProvider.o
 .debug_aranges
                0x00000530       0xd0 Lib/GSM/GSM3ShieldV1ClientProvider.o
 .debug_aranges
                0x00000600       0x88 Lib/GSM/GSM3ShieldV1DataNetworkProvider.o
 .debug_aranges
                0x00000688       0x88 Lib/GSM/GSM3ShieldV1DirectModemProvider.o
 .debug_aranges
                0x00000710       0x98 Lib/GSM/GSM3ShieldV1ModemCore.o
 .debug_aranges
                0x000007a8       0x38 Lib/GSM/GSM3ShieldV1ModemVerification.o
 .debug_aranges
                0x000007e0      0x100 Lib/GSM/GSM3ShieldV1MultiClientProvider.o
 .debug_aranges
                0x000008e0       0x70 Lib/GSM/GSM3ShieldV1PinManagement.o
 .debug_aranges
                0x00000950       0x48 Lib/GSM/GSM3ShieldV1ScanNetworks.o
 .debug_aranges
                0x00000998       0x78 Lib/GSM/GSM3ShieldV1ServerProvider.o
 .debug_aranges
                0x00000a10       0xe0 Lib/GSM/GSM3ShieldV1SMSProvider.o
 .debug_aranges
                0x00000af0       0x98 Lib/GSM/GSM3ShieldV1VoiceProvider.o
 .debug_aranges
                0x00000b88       0x78 Lib/GSM/GSM3SMSService.o
 .debug_aranges
                0x00000c00       0xb0 Lib/GSM/GSM3SoftSerial.o
 .debug_aranges
                0x00000cb0       0x60 Lib/GSM/GSM3VoiceCallService.o
 .debug_aranges
                0x00000d10       0x48 Sketch.o
 .debug_aranges
                0x00000d58       0x68 C:\Users\esare\DOCUME~1\MYEMBE~1\ECGPRE~1\PREPAI~1\PREPAI~1\ARDUIN~1\Debug\libArduinoCore.a(HardwareSerial.o)
 .debug_aranges
                0x00000dc0       0x38 C:\Users\esare\DOCUME~1\MYEMBE~1\ECGPRE~1\PREPAI~1\PREPAI~1\ARDUIN~1\Debug\libArduinoCore.a(HardwareSerial0.o)
 .debug_aranges
                0x00000df8       0x68 C:\Users\esare\DOCUME~1\MYEMBE~1\ECGPRE~1\PREPAI~1\PREPAI~1\ARDUIN~1\Debug\libArduinoCore.a(IPAddress.o)
 .debug_aranges
                0x00000e60       0x38 C:\Users\esare\DOCUME~1\MYEMBE~1\ECGPRE~1\PREPAI~1\PREPAI~1\ARDUIN~1\Debug\libArduinoCore.a(main.o)
 .debug_aranges
                0x00000e98       0xf0 C:\Users\esare\DOCUME~1\MYEMBE~1\ECGPRE~1\PREPAI~1\PREPAI~1\ARDUIN~1\Debug\libArduinoCore.a(Print.o)
 .debug_aranges
                0x00000f88       0x98 C:\Users\esare\DOCUME~1\MYEMBE~1\ECGPRE~1\PREPAI~1\PREPAI~1\ARDUIN~1\Debug\libArduinoCore.a(Stream.o)
 .debug_aranges
                0x00001020       0x48 C:\Users\esare\DOCUME~1\MYEMBE~1\ECGPRE~1\PREPAI~1\PREPAI~1\ARDUIN~1\Debug\libArduinoCore.a(wiring.o)
 .debug_aranges